<?xml version="1.0"?>
<link_info>
   <banner>TI ARM Linker PC v16.9.6.LTS</banner>
   <copyright>Copyright (c) 1996-2017 Texas Instruments Incorporated</copyright>
   <link_time>0x5d5f2264</link_time>
   <link_errors>0x0</link_errors>
   <output_file>ENCE464_Heli.out</output_file>
   <entry_point>
      <name>_c_int00</name>
      <address>0x43b5</address>
   </entry_point>
   <input_file_list>
      <input_file id="fl-2">
         <path>.\</path>
         <kind>object</kind>
         <file>main.obj</file>
         <name>main.obj</name>
      </input_file>
      <input_file id="fl-3">
         <path>.\</path>
         <kind>object</kind>
         <file>startup_ccs.obj</file>
         <name>startup_ccs.obj</name>
      </input_file>
      <input_file id="fl-4">
         <path>.\drivers\</path>
         <kind>object</kind>
         <file>ADC.obj</file>
         <name>ADC.obj</name>
      </input_file>
      <input_file id="fl-5">
         <path>.\drivers\</path>
         <kind>object</kind>
         <file>PID.obj</file>
         <name>PID.obj</name>
      </input_file>
      <input_file id="fl-6">
         <path>.\drivers\</path>
         <kind>object</kind>
         <file>PIO.obj</file>
         <name>PIO.obj</name>
      </input_file>
      <input_file id="fl-7">
         <path>.\drivers\</path>
         <kind>object</kind>
         <file>PWM.obj</file>
         <name>PWM.obj</name>
      </input_file>
      <input_file id="fl-8">
         <path>.\drivers\</path>
         <kind>object</kind>
         <file>encoder.obj</file>
         <name>encoder.obj</name>
      </input_file>
      <input_file id="fl-9">
         <path>.\drivers\</path>
         <kind>object</kind>
         <file>uart_display.obj</file>
         <name>uart_display.obj</name>
      </input_file>
      <input_file id="fl-a">
         <path>.\tasks\</path>
         <kind>object</kind>
         <file>gTaskController.obj</file>
         <name>gTaskController.obj</name>
      </input_file>
      <input_file id="fl-b">
         <path>.\tasks\</path>
         <kind>object</kind>
         <file>gTaskSensor.obj</file>
         <name>gTaskSensor.obj</name>
      </input_file>
      <input_file id="fl-c">
         <path>.\tasks\</path>
         <kind>object</kind>
         <file>gTaskUART.obj</file>
         <name>gTaskUART.obj</name>
      </input_file>
      <input_file id="fl-d">
         <path>.\third_party\FreeRTOS\Source\</path>
         <kind>object</kind>
         <file>croutine.obj</file>
         <name>croutine.obj</name>
      </input_file>
      <input_file id="fl-e">
         <path>.\third_party\FreeRTOS\Source\</path>
         <kind>object</kind>
         <file>event_groups.obj</file>
         <name>event_groups.obj</name>
      </input_file>
      <input_file id="fl-f">
         <path>.\third_party\FreeRTOS\Source\</path>
         <kind>object</kind>
         <file>list.obj</file>
         <name>list.obj</name>
      </input_file>
      <input_file id="fl-10">
         <path>.\third_party\FreeRTOS\Source\</path>
         <kind>object</kind>
         <file>queue.obj</file>
         <name>queue.obj</name>
      </input_file>
      <input_file id="fl-11">
         <path>.\third_party\FreeRTOS\Source\</path>
         <kind>object</kind>
         <file>tasks.obj</file>
         <name>tasks.obj</name>
      </input_file>
      <input_file id="fl-12">
         <path>.\third_party\FreeRTOS\Source\</path>
         <kind>object</kind>
         <file>timers.obj</file>
         <name>timers.obj</name>
      </input_file>
      <input_file id="fl-13">
         <path>.\third_party\FreeRTOS\Source\portable\CCS\ARM_CM4F\</path>
         <kind>object</kind>
         <file>port.obj</file>
         <name>port.obj</name>
      </input_file>
      <input_file id="fl-14">
         <path>.\third_party\FreeRTOS\Source\portable\CCS\ARM_CM4F\</path>
         <kind>object</kind>
         <file>portasm.obj</file>
         <name>portasm.obj</name>
      </input_file>
      <input_file id="fl-15">
         <path>.\third_party\FreeRTOS\Source\portable\MemMang\</path>
         <kind>object</kind>
         <file>heap_2.obj</file>
         <name>heap_2.obj</name>
      </input_file>
      <input_file id="fl-1b">
         <kind>object</kind>
         <file>&lt;internal&gt;</file>
         <name>&lt;internal&gt;</name>
      </input_file>
      <input_file id="fl-d1">
         <path>C:\ti\ccsv7\tools\compiler\ti-cgt-arm_16.9.6.LTS\lib\</path>
         <kind>archive</kind>
         <file>rtsv7M4_T_le_v4SPD16_eabi.lib</file>
         <name>boot.obj</name>
      </input_file>
      <input_file id="fl-d2">
         <path>C:\ti\ccsv7\tools\compiler\ti-cgt-arm_16.9.6.LTS\lib\</path>
         <kind>archive</kind>
         <file>rtsv7M4_T_le_v4SPD16_eabi.lib</file>
         <name>copy_decompress_lzss.obj</name>
      </input_file>
      <input_file id="fl-d3">
         <path>C:\ti\ccsv7\tools\compiler\ti-cgt-arm_16.9.6.LTS\lib\</path>
         <kind>archive</kind>
         <file>rtsv7M4_T_le_v4SPD16_eabi.lib</file>
         <name>copy_decompress_none.obj</name>
      </input_file>
      <input_file id="fl-d4">
         <path>C:\ti\ccsv7\tools\compiler\ti-cgt-arm_16.9.6.LTS\lib\</path>
         <kind>archive</kind>
         <file>rtsv7M4_T_le_v4SPD16_eabi.lib</file>
         <name>copy_zero_init.obj</name>
      </input_file>
      <input_file id="fl-d5">
         <path>C:\ti\ccsv7\tools\compiler\ti-cgt-arm_16.9.6.LTS\lib\</path>
         <kind>archive</kind>
         <file>rtsv7M4_T_le_v4SPD16_eabi.lib</file>
         <name>exit.obj</name>
      </input_file>
      <input_file id="fl-d6">
         <path>C:\ti\ccsv7\tools\compiler\ti-cgt-arm_16.9.6.LTS\lib\</path>
         <kind>archive</kind>
         <file>rtsv7M4_T_le_v4SPD16_eabi.lib</file>
         <name>memcpy_t2.obj</name>
      </input_file>
      <input_file id="fl-d7">
         <path>C:\ti\ccsv7\tools\compiler\ti-cgt-arm_16.9.6.LTS\lib\</path>
         <kind>archive</kind>
         <file>rtsv7M4_T_le_v4SPD16_eabi.lib</file>
         <name>memset_t2.obj</name>
      </input_file>
      <input_file id="fl-d8">
         <path>C:\ti\ccsv7\tools\compiler\ti-cgt-arm_16.9.6.LTS\lib\</path>
         <kind>archive</kind>
         <file>rtsv7M4_T_le_v4SPD16_eabi.lib</file>
         <name>mpu_init.obj</name>
      </input_file>
      <input_file id="fl-d9">
         <path>C:\ti\ccsv7\tools\compiler\ti-cgt-arm_16.9.6.LTS\lib\</path>
         <kind>archive</kind>
         <file>rtsv7M4_T_le_v4SPD16_eabi.lib</file>
         <name>pre_init.obj</name>
      </input_file>
      <input_file id="fl-da">
         <path>C:\ti\ccsv7\tools\compiler\ti-cgt-arm_16.9.6.LTS\lib\</path>
         <kind>archive</kind>
         <file>rtsv7M4_T_le_v4SPD16_eabi.lib</file>
         <name>sprintf.obj</name>
      </input_file>
      <input_file id="fl-db">
         <path>C:\ti\ccsv7\tools\compiler\ti-cgt-arm_16.9.6.LTS\lib\</path>
         <kind>archive</kind>
         <file>rtsv7M4_T_le_v4SPD16_eabi.lib</file>
         <name>stkdepth_vars.obj</name>
      </input_file>
      <input_file id="fl-dc">
         <path>C:\ti\ccsv7\tools\compiler\ti-cgt-arm_16.9.6.LTS\lib\</path>
         <kind>archive</kind>
         <file>rtsv7M4_T_le_v4SPD16_eabi.lib</file>
         <name>_lock.obj</name>
      </input_file>
      <input_file id="fl-dd">
         <path>C:\ti\ccsv7\tools\compiler\ti-cgt-arm_16.9.6.LTS\lib\</path>
         <kind>archive</kind>
         <file>rtsv7M4_T_le_v4SPD16_eabi.lib</file>
         <name>_printfi.obj</name>
      </input_file>
      <input_file id="fl-de">
         <path>C:\ti\ccsv7\tools\compiler\ti-cgt-arm_16.9.6.LTS\lib\</path>
         <kind>archive</kind>
         <file>rtsv7M4_T_le_v4SPD16_eabi.lib</file>
         <name>args_main.obj</name>
      </input_file>
      <input_file id="fl-df">
         <path>C:\ti\ccsv7\tools\compiler\ti-cgt-arm_16.9.6.LTS\lib\</path>
         <kind>archive</kind>
         <file>rtsv7M4_T_le_v4SPD16_eabi.lib</file>
         <name>atoi.obj</name>
      </input_file>
      <input_file id="fl-e0">
         <path>C:\ti\ccsv7\tools\compiler\ti-cgt-arm_16.9.6.LTS\lib\</path>
         <kind>archive</kind>
         <file>rtsv7M4_T_le_v4SPD16_eabi.lib</file>
         <name>autoinit.obj</name>
      </input_file>
      <input_file id="fl-e1">
         <path>C:\ti\ccsv7\tools\compiler\ti-cgt-arm_16.9.6.LTS\lib\</path>
         <kind>archive</kind>
         <file>rtsv7M4_T_le_v4SPD16_eabi.lib</file>
         <name>cpy_tbl.obj</name>
      </input_file>
      <input_file id="fl-e2">
         <path>C:\ti\ccsv7\tools\compiler\ti-cgt-arm_16.9.6.LTS\lib\</path>
         <kind>archive</kind>
         <file>rtsv7M4_T_le_v4SPD16_eabi.lib</file>
         <name>ctype.obj</name>
      </input_file>
      <input_file id="fl-e3">
         <path>C:\ti\ccsv7\tools\compiler\ti-cgt-arm_16.9.6.LTS\lib\</path>
         <kind>archive</kind>
         <file>rtsv7M4_T_le_v4SPD16_eabi.lib</file>
         <name>fd_add_t2.obj</name>
      </input_file>
      <input_file id="fl-e4">
         <path>C:\ti\ccsv7\tools\compiler\ti-cgt-arm_16.9.6.LTS\lib\</path>
         <kind>archive</kind>
         <file>rtsv7M4_T_le_v4SPD16_eabi.lib</file>
         <name>fd_cmp_t2.obj</name>
      </input_file>
      <input_file id="fl-e5">
         <path>C:\ti\ccsv7\tools\compiler\ti-cgt-arm_16.9.6.LTS\lib\</path>
         <kind>archive</kind>
         <file>rtsv7M4_T_le_v4SPD16_eabi.lib</file>
         <name>fd_div_t2.obj</name>
      </input_file>
      <input_file id="fl-e6">
         <path>C:\ti\ccsv7\tools\compiler\ti-cgt-arm_16.9.6.LTS\lib\</path>
         <kind>archive</kind>
         <file>rtsv7M4_T_le_v4SPD16_eabi.lib</file>
         <name>fd_mul_t2.obj</name>
      </input_file>
      <input_file id="fl-e7">
         <path>C:\ti\ccsv7\tools\compiler\ti-cgt-arm_16.9.6.LTS\lib\</path>
         <kind>archive</kind>
         <file>rtsv7M4_T_le_v4SPD16_eabi.lib</file>
         <name>fd_toi_t2.obj</name>
      </input_file>
      <input_file id="fl-e8">
         <path>C:\ti\ccsv7\tools\compiler\ti-cgt-arm_16.9.6.LTS\lib\</path>
         <kind>archive</kind>
         <file>rtsv7M4_T_le_v4SPD16_eabi.lib</file>
         <name>i_tofd_t2.obj</name>
      </input_file>
      <input_file id="fl-e9">
         <path>C:\ti\ccsv7\tools\compiler\ti-cgt-arm_16.9.6.LTS\lib\</path>
         <kind>archive</kind>
         <file>rtsv7M4_T_le_v4SPD16_eabi.lib</file>
         <name>ltoa.obj</name>
      </input_file>
      <input_file id="fl-ea">
         <path>C:\ti\ccsv7\tools\compiler\ti-cgt-arm_16.9.6.LTS\lib\</path>
         <kind>archive</kind>
         <file>rtsv7M4_T_le_v4SPD16_eabi.lib</file>
         <name>memccpy.obj</name>
      </input_file>
      <input_file id="fl-eb">
         <path>C:\ti\ccsv7\tools\compiler\ti-cgt-arm_16.9.6.LTS\lib\</path>
         <kind>archive</kind>
         <file>rtsv7M4_T_le_v4SPD16_eabi.lib</file>
         <name>s_frexp.obj</name>
      </input_file>
      <input_file id="fl-ec">
         <path>C:\ti\ccsv7\tools\compiler\ti-cgt-arm_16.9.6.LTS\lib\</path>
         <kind>archive</kind>
         <file>rtsv7M4_T_le_v4SPD16_eabi.lib</file>
         <name>s_scalbn.obj</name>
      </input_file>
      <input_file id="fl-ed">
         <path>C:\ti\ccsv7\tools\compiler\ti-cgt-arm_16.9.6.LTS\lib\</path>
         <kind>archive</kind>
         <file>rtsv7M4_T_le_v4SPD16_eabi.lib</file>
         <name>startup.obj</name>
      </input_file>
      <input_file id="fl-ee">
         <path>C:\ti\ccsv7\tools\compiler\ti-cgt-arm_16.9.6.LTS\lib\</path>
         <kind>archive</kind>
         <file>rtsv7M4_T_le_v4SPD16_eabi.lib</file>
         <name>strchr.obj</name>
      </input_file>
      <input_file id="fl-ef">
         <path>C:\ti\ccsv7\tools\compiler\ti-cgt-arm_16.9.6.LTS\lib\</path>
         <kind>archive</kind>
         <file>rtsv7M4_T_le_v4SPD16_eabi.lib</file>
         <name>strlen.obj</name>
      </input_file>
      <input_file id="fl-f0">
         <path>C:\ti\ccsv7\tools\compiler\ti-cgt-arm_16.9.6.LTS\lib\</path>
         <kind>archive</kind>
         <file>rtsv7M4_T_le_v4SPD16_eabi.lib</file>
         <name>ull_div_t2.obj</name>
      </input_file>
      <input_file id="fl-f1">
         <path>C:\ti\ccsv7\tools\compiler\ti-cgt-arm_16.9.6.LTS\lib\</path>
         <kind>archive</kind>
         <file>rtsv7M4_T_le_v4SPD16_eabi.lib</file>
         <name>errno.obj</name>
      </input_file>
      <input_file id="fl-f2">
         <path>C:\ti\ccsv7\tools\compiler\ti-cgt-arm_16.9.6.LTS\lib\</path>
         <kind>archive</kind>
         <file>rtsv7M4_T_le_v4SPD16_eabi.lib</file>
         <name>s_copysign.obj</name>
      </input_file>
      <input_file id="fl-f3">
         <path>C:\ti\TivaWare_C_Series-2.1.4.178\driverlib\ccs\Debug\</path>
         <kind>archive</kind>
         <file>driverlib.lib</file>
         <name>adc.obj</name>
      </input_file>
      <input_file id="fl-f4">
         <path>C:\ti\TivaWare_C_Series-2.1.4.178\driverlib\ccs\Debug\</path>
         <kind>archive</kind>
         <file>driverlib.lib</file>
         <name>gpio.obj</name>
      </input_file>
      <input_file id="fl-f5">
         <path>C:\ti\TivaWare_C_Series-2.1.4.178\driverlib\ccs\Debug\</path>
         <kind>archive</kind>
         <file>driverlib.lib</file>
         <name>interrupt.obj</name>
      </input_file>
      <input_file id="fl-f6">
         <path>C:\ti\TivaWare_C_Series-2.1.4.178\driverlib\ccs\Debug\</path>
         <kind>archive</kind>
         <file>driverlib.lib</file>
         <name>pwm.obj</name>
      </input_file>
      <input_file id="fl-f7">
         <path>C:\ti\TivaWare_C_Series-2.1.4.178\driverlib\ccs\Debug\</path>
         <kind>archive</kind>
         <file>driverlib.lib</file>
         <name>sysctl.obj</name>
      </input_file>
      <input_file id="fl-f8">
         <path>C:\ti\TivaWare_C_Series-2.1.4.178\driverlib\ccs\Debug\</path>
         <kind>archive</kind>
         <file>driverlib.lib</file>
         <name>uart.obj</name>
      </input_file>
      <input_file id="fl-f9">
         <path>C:\ti\TivaWare_C_Series-2.1.4.178\driverlib\ccs\Debug\</path>
         <kind>archive</kind>
         <file>driverlib.lib</file>
         <name>cpu.obj</name>
      </input_file>
   </input_file_list>
   <object_component_list>
      <object_component id="oc-f">
         <name>.intvecs</name>
         <load_address>0x0</load_address>
         <run_address>0x0</run_address>
         <size>0x26c</size>
         <input_file_ref idref="fl-3"/>
      </object_component>
      <object_component id="oc-3e7">
         <name>.text</name>
         <load_address>0x26c</load_address>
         <run_address>0x26c</run_address>
         <size>0x113e</size>
         <input_file_ref idref="fl-dd"/>
      </object_component>
      <object_component id="oc-37">
         <name>.text:FaultISR</name>
         <load_address>0x13aa</load_address>
         <run_address>0x13aa</run_address>
         <size>0x2</size>
         <input_file_ref idref="fl-3"/>
      </object_component>
      <object_component id="oc-238">
         <name>.text:sensorInit</name>
         <load_address>0x13ac</load_address>
         <run_address>0x13ac</run_address>
         <size>0x348</size>
         <input_file_ref idref="fl-b"/>
      </object_component>
      <object_component id="oc-524">
         <name>.text</name>
         <load_address>0x16f4</load_address>
         <run_address>0x16f4</run_address>
         <size>0x1f4</size>
         <input_file_ref idref="fl-f0"/>
      </object_component>
      <object_component id="oc-553">
         <name>.text</name>
         <load_address>0x18e8</load_address>
         <run_address>0x18e8</run_address>
         <size>0x1b6</size>
         <input_file_ref idref="fl-e3"/>
      </object_component>
      <object_component id="oc-3d">
         <name>.text:IntDefaultHandler</name>
         <load_address>0x1a9e</load_address>
         <run_address>0x1a9e</run_address>
         <size>0x2</size>
         <input_file_ref idref="fl-3"/>
      </object_component>
      <object_component id="oc-147">
         <name>.text:controllerTask</name>
         <load_address>0x1aa0</load_address>
         <run_address>0x1aa0</run_address>
         <size>0x170</size>
         <input_file_ref idref="fl-a"/>
      </object_component>
      <object_component id="oc-201">
         <name>.text:xQueueGenericReceive</name>
         <load_address>0x1c10</load_address>
         <run_address>0x1c10</run_address>
         <size>0x16c</size>
         <input_file_ref idref="fl-10"/>
      </object_component>
      <object_component id="oc-1fb">
         <name>.text:controllerInit</name>
         <load_address>0x1d7c</load_address>
         <run_address>0x1d7c</run_address>
         <size>0x150</size>
         <input_file_ref idref="fl-a"/>
      </object_component>
      <object_component id="oc-136">
         <name>.text:xTaskGenericCreate</name>
         <load_address>0x1ecc</load_address>
         <run_address>0x1ecc</run_address>
         <size>0x138</size>
         <input_file_ref idref="fl-11"/>
      </object_component>
      <object_component id="oc-539">
         <name>.text</name>
         <load_address>0x2004</load_address>
         <run_address>0x2004</run_address>
         <size>0x136</size>
         <input_file_ref idref="fl-e5"/>
      </object_component>
      <object_component id="oc-31">
         <name>.text:NmiSR</name>
         <load_address>0x213a</load_address>
         <run_address>0x213a</run_address>
         <size>0x2</size>
         <input_file_ref idref="fl-3"/>
      </object_component>
      <object_component id="oc-a7">
         <name>.text:xTaskIncrementTick</name>
         <load_address>0x213c</load_address>
         <run_address>0x213c</run_address>
         <size>0x134</size>
         <input_file_ref idref="fl-11"/>
      </object_component>
      <object_component id="oc-4ab">
         <name>.text:GPIOPadConfigSet</name>
         <load_address>0x2270</load_address>
         <run_address>0x2270</run_address>
         <size>0x132</size>
         <input_file_ref idref="fl-f4"/>
      </object_component>
      <object_component id="oc-74">
         <name>.text</name>
         <load_address>0x23a2</load_address>
         <run_address>0x23a2</run_address>
         <size>0x2</size>
         <input_file_ref idref="fl-d8"/>
      </object_component>
      <object_component id="oc-21f">
         <name>.text:xQueueGenericSend</name>
         <load_address>0x23a4</load_address>
         <run_address>0x23a4</run_address>
         <size>0x128</size>
         <input_file_ref idref="fl-10"/>
      </object_component>
      <object_component id="oc-1ae">
         <name>.text:pvPortMalloc</name>
         <load_address>0x24cc</load_address>
         <run_address>0x24cc</run_address>
         <size>0x11c</size>
         <input_file_ref idref="fl-15"/>
      </object_component>
      <object_component id="oc-3ce">
         <name>.text:SysCtlClockGet</name>
         <load_address>0x25e8</load_address>
         <run_address>0x25e8</run_address>
         <size>0x110</size>
         <input_file_ref idref="fl-f7"/>
      </object_component>
      <object_component id="oc-2eb">
         <name>.text:pwmPinInit</name>
         <load_address>0x26f8</load_address>
         <run_address>0x26f8</run_address>
         <size>0xfc</size>
         <input_file_ref idref="fl-7"/>
      </object_component>
      <object_component id="oc-534">
         <name>.text</name>
         <load_address>0x27f4</load_address>
         <run_address>0x27f4</run_address>
         <size>0xfc</size>
         <input_file_ref idref="fl-e6"/>
      </object_component>
      <object_component id="oc-55e">
         <name>.text</name>
         <load_address>0x28f0</load_address>
         <run_address>0x28f0</run_address>
         <size>0xfc</size>
         <input_file_ref idref="fl-ec"/>
      </object_component>
      <object_component id="oc-27f">
         <name>.text:xTaskResumeAll</name>
         <load_address>0x29ec</load_address>
         <run_address>0x29ec</run_address>
         <size>0xfc</size>
         <input_file_ref idref="fl-11"/>
      </object_component>
      <object_component id="oc-372">
         <name>.text:encoderInit</name>
         <load_address>0x2ae8</load_address>
         <run_address>0x2ae8</run_address>
         <size>0xf8</size>
         <input_file_ref idref="fl-8"/>
      </object_component>
      <object_component id="oc-12a">
         <name>.text:SysCtlClockSet</name>
         <load_address>0x2be0</load_address>
         <run_address>0x2be0</run_address>
         <size>0xf4</size>
         <input_file_ref idref="fl-f7"/>
      </object_component>
      <object_component id="oc-14d">
         <name>.text:sensorTask</name>
         <load_address>0x2cd4</load_address>
         <run_address>0x2cd4</run_address>
         <size>0xf0</size>
         <input_file_ref idref="fl-b"/>
      </object_component>
      <object_component id="oc-db">
         <name>.text:main</name>
         <load_address>0x2dc4</load_address>
         <run_address>0x2dc4</run_address>
         <size>0xec</size>
         <input_file_ref idref="fl-2"/>
      </object_component>
      <object_component id="oc-20d">
         <name>.text:Go</name>
         <load_address>0x2eb0</load_address>
         <run_address>0x2eb0</run_address>
         <size>0xe8</size>
         <input_file_ref idref="fl-5"/>
      </object_component>
      <object_component id="oc-43">
         <name>.text</name>
         <load_address>0x2f98</load_address>
         <run_address>0x2f98</run_address>
         <size>0xd2</size>
         <input_file_ref idref="fl-14"/>
      </object_component>
      <object_component id="oc-d3">
         <name>.text</name>
         <load_address>0x306a</load_address>
         <run_address>0x306a</run_address>
         <size>0x2</size>
         <input_file_ref idref="fl-ed"/>
      </object_component>
      <object_component id="oc-4cc">
         <name>.text:encoderIntHandler</name>
         <load_address>0x306c</load_address>
         <run_address>0x306c</run_address>
         <size>0xd0</size>
         <input_file_ref idref="fl-8"/>
      </object_component>
      <object_component id="oc-378">
         <name>.text:adcPinInit</name>
         <load_address>0x313c</load_address>
         <run_address>0x313c</run_address>
         <size>0xc8</size>
         <input_file_ref idref="fl-4"/>
      </object_component>
      <object_component id="oc-324">
         <name>.text:vTaskPriorityInherit</name>
         <load_address>0x3204</load_address>
         <run_address>0x3204</run_address>
         <size>0xc8</size>
         <input_file_ref idref="fl-11"/>
      </object_component>
      <object_component id="oc-34f">
         <name>.text:prvCopyDataToQueue</name>
         <load_address>0x32cc</load_address>
         <run_address>0x32cc</run_address>
         <size>0xbc</size>
         <input_file_ref idref="fl-10"/>
      </object_component>
      <object_component id="oc-153">
         <name>.text:uartTask</name>
         <load_address>0x3388</load_address>
         <run_address>0x3388</run_address>
         <size>0xbc</size>
         <input_file_ref idref="fl-c"/>
      </object_component>
      <object_component id="oc-a0">
         <name>.text:vTaskSwitchContext</name>
         <load_address>0x3444</load_address>
         <run_address>0x3444</run_address>
         <size>0xb8</size>
         <input_file_ref idref="fl-11"/>
      </object_component>
      <object_component id="oc-4a2">
         <name>.text:xTaskPriorityDisinherit</name>
         <load_address>0x34fc</load_address>
         <run_address>0x34fc</run_address>
         <size>0xa8</size>
         <input_file_ref idref="fl-11"/>
      </object_component>
      <object_component id="oc-1b4">
         <name>.text:xQueueGenericReset</name>
         <load_address>0x35a4</load_address>
         <run_address>0x35a4</run_address>
         <size>0xa0</size>
         <input_file_ref idref="fl-10"/>
      </object_component>
      <object_component id="oc-5c">
         <name>.text</name>
         <load_address>0x3644</load_address>
         <run_address>0x3644</run_address>
         <size>0x9c</size>
         <input_file_ref idref="fl-d6"/>
      </object_component>
      <object_component id="oc-1c8">
         <name>.text:prvInitialiseTCBVariables</name>
         <load_address>0x36e0</load_address>
         <run_address>0x36e0</run_address>
         <size>0x9a</size>
         <input_file_ref idref="fl-11"/>
      </object_component>
      <object_component id="oc-2e5">
         <name>.text:digPinInit</name>
         <load_address>0x377c</load_address>
         <run_address>0x377c</run_address>
         <size>0x94</size>
         <input_file_ref idref="fl-6"/>
      </object_component>
      <object_component id="oc-293">
         <name>.text:xTaskRemoveFromEventList</name>
         <load_address>0x3810</load_address>
         <run_address>0x3810</run_address>
         <size>0x90</size>
         <input_file_ref idref="fl-11"/>
      </object_component>
      <object_component id="oc-52f">
         <name>.text:__aeabi_cdcmple</name>
         <load_address>0x38a0</load_address>
         <run_address>0x38a0</run_address>
         <size>0x86</size>
         <input_file_ref idref="fl-e4"/>
      </object_component>
      <object_component id="oc-53e">
         <name>.text:__aeabi_cdrcmple</name>
         <load_address>0x3926</load_address>
         <run_address>0x3926</run_address>
         <size>0x86</size>
         <input_file_ref idref="fl-e4"/>
      </object_component>
      <object_component id="oc-318">
         <name>.text:xTaskCheckForTimeOut</name>
         <load_address>0x39ac</load_address>
         <run_address>0x39ac</run_address>
         <size>0x84</size>
         <input_file_ref idref="fl-11"/>
      </object_component>
      <object_component id="oc-330">
         <name>.text:prvUnlockQueue</name>
         <load_address>0x3a30</load_address>
         <run_address>0x3a30</run_address>
         <size>0x82</size>
         <input_file_ref idref="fl-10"/>
      </object_component>
      <object_component id="oc-4e0">
         <name>.text:ADCSequenceStepConfigure</name>
         <load_address>0x3ab2</load_address>
         <run_address>0x3ab2</run_address>
         <size>0x7a</size>
         <input_file_ref idref="fl-f3"/>
      </object_component>
      <object_component id="oc-68">
         <name>.text</name>
         <load_address>0x3b2c</load_address>
         <run_address>0x3b2c</run_address>
         <size>0x7a</size>
         <input_file_ref idref="fl-d7"/>
      </object_component>
      <object_component id="oc-232">
         <name>.text:xQueueCreateMutex</name>
         <load_address>0x3ba6</load_address>
         <run_address>0x3ba6</run_address>
         <size>0x76</size>
         <input_file_ref idref="fl-10"/>
      </object_component>
      <object_component id="oc-1da">
         <name>.text:prvInitialiseTaskLists</name>
         <load_address>0x3c1c</load_address>
         <run_address>0x3c1c</run_address>
         <size>0x74</size>
         <input_file_ref idref="fl-11"/>
      </object_component>
      <object_component id="oc-80">
         <name>.text</name>
         <load_address>0x3c90</load_address>
         <run_address>0x3c90</run_address>
         <size>0x70</size>
         <input_file_ref idref="fl-e0"/>
      </object_component>
      <object_component id="oc-2a7">
         <name>.text:vPortFree</name>
         <load_address>0x3d00</load_address>
         <run_address>0x3d00</run_address>
         <size>0x70</size>
         <input_file_ref idref="fl-15"/>
      </object_component>
      <object_component id="oc-13c">
         <name>.text:vTaskStartScheduler</name>
         <load_address>0x3d70</load_address>
         <run_address>0x3d70</run_address>
         <size>0x70</size>
         <input_file_ref idref="fl-11"/>
      </object_component>
      <object_component id="oc-130">
         <name>.text:xQueueGenericCreate</name>
         <load_address>0x3de0</load_address>
         <run_address>0x3de0</run_address>
         <size>0x70</size>
         <input_file_ref idref="fl-10"/>
      </object_component>
      <object_component id="oc-225">
         <name>.text:vTaskDelay</name>
         <load_address>0x3e50</load_address>
         <run_address>0x3e50</run_address>
         <size>0x6c</size>
         <input_file_ref idref="fl-11"/>
      </object_component>
      <object_component id="oc-5c2">
         <name>.text:IntEnable</name>
         <load_address>0x3ebc</load_address>
         <run_address>0x3ebc</run_address>
         <size>0x68</size>
         <input_file_ref idref="fl-f5"/>
      </object_component>
      <object_component id="oc-12">
         <name>.text:decompress:lzss</name>
         <load_address>0x3f24</load_address>
         <run_address>0x3f24</run_address>
         <size>0x68</size>
         <input_file_ref idref="fl-d2"/>
      </object_component>
      <object_component id="oc-2df">
         <name>.text:pidInit</name>
         <load_address>0x3f8c</load_address>
         <run_address>0x3f8c</run_address>
         <size>0x68</size>
         <input_file_ref idref="fl-5"/>
      </object_component>
      <object_component id="oc-2d8">
         <name>.text:prvCheckTasksWaitingTermination</name>
         <load_address>0x3ff4</load_address>
         <run_address>0x3ff4</run_address>
         <size>0x68</size>
         <input_file_ref idref="fl-11"/>
      </object_component>
      <object_component id="oc-32a">
         <name>.text:vTaskPlaceOnEventList</name>
         <load_address>0x405c</load_address>
         <run_address>0x405c</run_address>
         <size>0x68</size>
         <input_file_ref idref="fl-11"/>
      </object_component>
      <object_component id="oc-48f">
         <name>.text:vListInsert</name>
         <load_address>0x40c4</load_address>
         <run_address>0x40c4</run_address>
         <size>0x66</size>
         <input_file_ref idref="fl-f"/>
      </object_component>
      <object_component id="oc-558">
         <name>.text</name>
         <load_address>0x412c</load_address>
         <run_address>0x412c</run_address>
         <size>0x64</size>
         <input_file_ref idref="fl-eb"/>
      </object_component>
      <object_component id="oc-254">
         <name>.text</name>
         <load_address>0x4190</load_address>
         <run_address>0x4190</run_address>
         <size>0x60</size>
         <input_file_ref idref="fl-da"/>
      </object_component>
      <object_component id="oc-1c2">
         <name>.text:prvAllocateTCBAndStack</name>
         <load_address>0x41f0</load_address>
         <run_address>0x41f0</run_address>
         <size>0x5e</size>
         <input_file_ref idref="fl-11"/>
      </object_component>
      <object_component id="oc-35c">
         <name>.text:prvAddCurrentTaskToDelayedList</name>
         <load_address>0x4250</load_address>
         <run_address>0x4250</run_address>
         <size>0x5c</size>
         <input_file_ref idref="fl-11"/>
      </object_component>
      <object_component id="oc-1ce">
         <name>.text:pxPortInitialiseStack</name>
         <load_address>0x42ac</load_address>
         <run_address>0x42ac</run_address>
         <size>0x5c</size>
         <input_file_ref idref="fl-13"/>
      </object_component>
      <object_component id="oc-4b8">
         <name>.text:GPIOIntTypeSet</name>
         <load_address>0x4308</load_address>
         <run_address>0x4308</run_address>
         <size>0x58</size>
         <input_file_ref idref="fl-f4"/>
      </object_component>
      <object_component id="oc-37f">
         <name>.text:heightInthandler</name>
         <load_address>0x4360</load_address>
         <run_address>0x4360</run_address>
         <size>0x54</size>
         <input_file_ref idref="fl-b"/>
      </object_component>
      <object_component id="oc-24">
         <name>.text</name>
         <load_address>0x43b4</load_address>
         <run_address>0x43b4</run_address>
         <size>0x54</size>
         <input_file_ref idref="fl-d1"/>
      </object_component>
      <object_component id="oc-8c">
         <name>.text</name>
         <load_address>0x4408</load_address>
         <run_address>0x4408</run_address>
         <size>0x54</size>
         <input_file_ref idref="fl-d5"/>
      </object_component>
      <object_component id="oc-548">
         <name>.text</name>
         <load_address>0x445c</load_address>
         <run_address>0x445c</run_address>
         <size>0x54</size>
         <input_file_ref idref="fl-e9"/>
      </object_component>
      <object_component id="oc-4da">
         <name>.text:ADCSequenceConfigure</name>
         <load_address>0x44b0</load_address>
         <run_address>0x44b0</run_address>
         <size>0x50</size>
         <input_file_ref idref="fl-f3"/>
      </object_component>
      <object_component id="oc-279">
         <name>.text:prvHeapInit</name>
         <load_address>0x4500</load_address>
         <run_address>0x4500</run_address>
         <size>0x50</size>
         <input_file_ref idref="fl-15"/>
      </object_component>
      <object_component id="oc-5a4">
         <name>.text:GPIOPinConfigure</name>
         <load_address>0x4550</load_address>
         <run_address>0x4550</run_address>
         <size>0x4c</size>
         <input_file_ref idref="fl-f4"/>
      </object_component>
      <object_component id="oc-56a">
         <name>.text</name>
         <load_address>0x459c</load_address>
         <run_address>0x459c</run_address>
         <size>0x4c</size>
         <input_file_ref idref="fl-df"/>
      </object_component>
      <object_component id="oc-cd">
         <name>.text</name>
         <load_address>0x45e8</load_address>
         <run_address>0x45e8</run_address>
         <size>0x4c</size>
         <input_file_ref idref="fl-e1"/>
      </object_component>
      <object_component id="oc-543">
         <name>.text</name>
         <load_address>0x4634</load_address>
         <run_address>0x4634</run_address>
         <size>0x48</size>
         <input_file_ref idref="fl-e7"/>
      </object_component>
      <object_component id="oc-109">
         <name>.text:uxListRemove</name>
         <load_address>0x467c</load_address>
         <run_address>0x467c</run_address>
         <size>0x48</size>
         <input_file_ref idref="fl-f"/>
      </object_component>
      <object_component id="oc-3d4">
         <name>.text:UARTConfigSetExpClk</name>
         <load_address>0x46c4</load_address>
         <run_address>0x46c4</run_address>
         <size>0x46</size>
         <input_file_ref idref="fl-f8"/>
      </object_component>
      <object_component id="oc-5b6">
         <name>.text:_GPIOIntNumberGet</name>
         <load_address>0x470c</load_address>
         <run_address>0x470c</run_address>
         <size>0x44</size>
         <input_file_ref idref="fl-f4"/>
      </object_component>
      <object_component id="oc-24e">
         <name>.text:uartInit</name>
         <load_address>0x4750</load_address>
         <run_address>0x4750</run_address>
         <size>0x44</size>
         <input_file_ref idref="fl-9"/>
      </object_component>
      <object_component id="oc-1e7">
         <name>.text:xPortStartScheduler</name>
         <load_address>0x4794</load_address>
         <run_address>0x4794</run_address>
         <size>0x44</size>
         <input_file_ref idref="fl-13"/>
      </object_component>
      <object_component id="oc-306">
         <name>.text:prvCopyDataFromQueue</name>
         <load_address>0x47d8</load_address>
         <run_address>0x47d8</run_address>
         <size>0x3c</size>
         <input_file_ref idref="fl-10"/>
      </object_component>
      <object_component id="oc-103">
         <name>.text:prvResetNextTaskUnblockTime</name>
         <load_address>0x4814</load_address>
         <run_address>0x4814</run_address>
         <size>0x3c</size>
         <input_file_ref idref="fl-11"/>
      </object_component>
      <object_component id="oc-10f">
         <name>.text:vListInsertEnd</name>
         <load_address>0x4850</load_address>
         <run_address>0x4850</run_address>
         <size>0x3c</size>
         <input_file_ref idref="fl-f"/>
      </object_component>
      <object_component id="oc-5bc">
         <name>.text:IntRegister</name>
         <load_address>0x488c</load_address>
         <run_address>0x488c</run_address>
         <size>0x34</size>
         <input_file_ref idref="fl-f5"/>
      </object_component>
      <object_component id="oc-3c2">
         <name>.text:SysCtlPeripheralEnable</name>
         <load_address>0x48c0</load_address>
         <run_address>0x48c0</run_address>
         <size>0x34</size>
         <input_file_ref idref="fl-f7"/>
      </object_component>
      <object_component id="oc-219">
         <name>.text:pwmDutySet</name>
         <load_address>0x48f4</load_address>
         <run_address>0x48f4</run_address>
         <size>0x32</size>
         <input_file_ref idref="fl-7"/>
      </object_component>
      <object_component id="oc-299">
         <name>.text:vListInitialise</name>
         <load_address>0x4926</load_address>
         <run_address>0x4926</run_address>
         <size>0x30</size>
         <input_file_ref idref="fl-f"/>
      </object_component>
      <object_component id="oc-54e">
         <name>.text</name>
         <load_address>0x4956</load_address>
         <run_address>0x4956</run_address>
         <size>0x2e</size>
         <input_file_ref idref="fl-e8"/>
      </object_component>
      <object_component id="oc-394">
         <name>.text:ButtonDownHandler</name>
         <load_address>0x4984</load_address>
         <run_address>0x4984</run_address>
         <size>0x2c</size>
         <input_file_ref idref="fl-b"/>
      </object_component>
      <object_component id="oc-38a">
         <name>.text:ButtonUpHandler</name>
         <load_address>0x49b0</load_address>
         <run_address>0x49b0</run_address>
         <size>0x2c</size>
         <input_file_ref idref="fl-b"/>
      </object_component>
      <object_component id="oc-50e">
         <name>.text:GPIODirModeSet</name>
         <load_address>0x49dc</load_address>
         <run_address>0x49dc</run_address>
         <size>0x2c</size>
         <input_file_ref idref="fl-f4"/>
      </object_component>
      <object_component id="oc-23e">
         <name>.text:adcReadtoBuffer</name>
         <load_address>0x4a08</load_address>
         <run_address>0x4a08</run_address>
         <size>0x2c</size>
         <input_file_ref idref="fl-4"/>
      </object_component>
      <object_component id="oc-366">
         <name>.text:digPinPuPdSet</name>
         <load_address>0x4a34</load_address>
         <run_address>0x4a34</run_address>
         <size>0x2c</size>
         <input_file_ref idref="fl-6"/>
      </object_component>
      <object_component id="oc-44b">
         <name>.text:digPinSet</name>
         <load_address>0x4a60</load_address>
         <run_address>0x4a60</run_address>
         <size>0x2c</size>
         <input_file_ref idref="fl-6"/>
      </object_component>
      <object_component id="oc-48">
         <name>.text:xPortSysTickHandler</name>
         <load_address>0x4a8c</load_address>
         <run_address>0x4a8c</run_address>
         <size>0x2c</size>
         <input_file_ref idref="fl-13"/>
      </object_component>
      <object_component id="oc-36c">
         <name>.text:digPinIntAttach</name>
         <load_address>0x4ab8</load_address>
         <run_address>0x4ab8</run_address>
         <size>0x28</size>
         <input_file_ref idref="fl-6"/>
      </object_component>
      <object_component id="oc-355">
         <name>.text:prvIsQueueFull</name>
         <load_address>0x4ae0</load_address>
         <run_address>0x4ae0</run_address>
         <size>0x26</size>
         <input_file_ref idref="fl-10"/>
      </object_component>
      <object_component id="oc-25a">
         <name>.text:uartSend</name>
         <load_address>0x4b08</load_address>
         <run_address>0x4b08</run_address>
         <size>0x24</size>
         <input_file_ref idref="fl-9"/>
      </object_component>
      <object_component id="oc-1d4">
         <name>.text:vPortEnterCritical</name>
         <load_address>0x4b2c</load_address>
         <run_address>0x4b2c</run_address>
         <size>0x24</size>
         <input_file_ref idref="fl-13"/>
      </object_component>
      <object_component id="oc-312">
         <name>.text:vTaskSetTimeOutState</name>
         <load_address>0x4b50</load_address>
         <run_address>0x4b50</run_address>
         <size>0x24</size>
         <input_file_ref idref="fl-11"/>
      </object_component>
      <object_component id="oc-45b">
         <name>.text:PWMGenConfigure</name>
         <load_address>0x4b74</load_address>
         <run_address>0x4b74</run_address>
         <size>0x22</size>
         <input_file_ref idref="fl-f6"/>
      </object_component>
      <object_component id="oc-4c6">
         <name>.text:digPinRead</name>
         <load_address>0x4b96</load_address>
         <run_address>0x4b96</run_address>
         <size>0x22</size>
         <input_file_ref idref="fl-6"/>
      </object_component>
      <object_component id="oc-51a">
         <name>.text:UARTDisable</name>
         <load_address>0x4bb8</load_address>
         <run_address>0x4bb8</run_address>
         <size>0x20</size>
         <input_file_ref idref="fl-f8"/>
      </object_component>
      <object_component id="oc-31e">
         <name>.text:prvIsQueueEmpty</name>
         <load_address>0x4bd8</load_address>
         <run_address>0x4bd8</run_address>
         <size>0x20</size>
         <input_file_ref idref="fl-10"/>
      </object_component>
      <object_component id="oc-3a9">
         <name>.text:ADCSequenceDataGet</name>
         <load_address>0x4bf8</load_address>
         <run_address>0x4bf8</run_address>
         <size>0x1e</size>
         <input_file_ref idref="fl-f3"/>
      </object_component>
      <object_component id="oc-342">
         <name>.text:PWMPulseWidthSet</name>
         <load_address>0x4c16</load_address>
         <run_address>0x4c16</run_address>
         <size>0x1e</size>
         <input_file_ref idref="fl-f6"/>
      </object_component>
      <object_component id="oc-439">
         <name>.text:portEnable</name>
         <load_address>0x4c34</load_address>
         <run_address>0x4c34</run_address>
         <size>0x1e</size>
         <input_file_ref idref="fl-6"/>
      </object_component>
      <object_component id="oc-467">
         <name>.text:digPinAFset</name>
         <load_address>0x4c52</load_address>
         <run_address>0x4c52</run_address>
         <size>0x1c</size>
         <input_file_ref idref="fl-6"/>
      </object_component>
      <object_component id="oc-30c">
         <name>.text:pvTaskIncrementMutexHeldCount</name>
         <load_address>0x4c70</load_address>
         <run_address>0x4c70</run_address>
         <size>0x1c</size>
         <input_file_ref idref="fl-11"/>
      </object_component>
      <object_component id="oc-461">
         <name>.text:pwmPeriodSet</name>
         <load_address>0x4c8c</load_address>
         <run_address>0x4c8c</run_address>
         <size>0x1c</size>
         <input_file_ref idref="fl-7"/>
      </object_component>
      <object_component id="oc-570">
         <name>.text</name>
         <load_address>0x4ca8</load_address>
         <run_address>0x4ca8</run_address>
         <size>0x1c</size>
         <input_file_ref idref="fl-ea"/>
      </object_component>
      <object_component id="oc-1e0">
         <name>.text:vPortExitCritical</name>
         <load_address>0x4cc4</load_address>
         <run_address>0x4cc4</run_address>
         <size>0x1c</size>
         <input_file_ref idref="fl-13"/>
      </object_component>
      <object_component id="oc-3a3">
         <name>.text:ADCProcessorTrigger</name>
         <load_address>0x4ce0</load_address>
         <run_address>0x4ce0</run_address>
         <size>0x18</size>
         <input_file_ref idref="fl-f3"/>
      </object_component>
      <object_component id="oc-4b2">
         <name>.text:GPIOIntRegister</name>
         <load_address>0x4cf8</load_address>
         <run_address>0x4cf8</run_address>
         <size>0x18</size>
         <input_file_ref idref="fl-f4"/>
      </object_component>
      <object_component id="oc-43f">
         <name>.text:GPIOPinTypeGPIOOutput</name>
         <load_address>0x4d10</load_address>
         <run_address>0x4d10</run_address>
         <size>0x18</size>
         <input_file_ref idref="fl-f4"/>
      </object_component>
      <object_component id="oc-207">
         <name>.text:getHeiDest</name>
         <load_address>0x4d28</load_address>
         <run_address>0x4d28</run_address>
         <size>0x18</size>
         <input_file_ref idref="fl-b"/>
      </object_component>
      <object_component id="oc-86">
         <name>.text</name>
         <load_address>0x4d40</load_address>
         <run_address>0x4d40</run_address>
         <size>0x18</size>
         <input_file_ref idref="fl-de"/>
      </object_component>
      <object_component id="oc-2d1">
         <name>.text:vPortSetupTimerInterrupt</name>
         <load_address>0x4d58</load_address>
         <run_address>0x4d58</run_address>
         <size>0x18</size>
         <input_file_ref idref="fl-13"/>
      </object_component>
      <object_component id="oc-4d4">
         <name>.text:GPIOPinTypeADC</name>
         <load_address>0x4d70</load_address>
         <run_address>0x4d70</run_address>
         <size>0x16</size>
         <input_file_ref idref="fl-f4"/>
      </object_component>
      <object_component id="oc-445">
         <name>.text:GPIOPinTypeGPIOInput</name>
         <load_address>0x4d86</load_address>
         <run_address>0x4d86</run_address>
         <size>0x16</size>
         <input_file_ref idref="fl-f4"/>
      </object_component>
      <object_component id="oc-455">
         <name>.text:GPIOPinTypePWM</name>
         <load_address>0x4d9c</load_address>
         <run_address>0x4d9c</run_address>
         <size>0x16</size>
         <input_file_ref idref="fl-f4"/>
      </object_component>
      <object_component id="oc-3c8">
         <name>.text:GPIOPinTypeUART</name>
         <load_address>0x4db2</load_address>
         <run_address>0x4db2</run_address>
         <size>0x16</size>
         <input_file_ref idref="fl-f4"/>
      </object_component>
      <object_component id="oc-564">
         <name>.text</name>
         <load_address>0x4dc8</load_address>
         <run_address>0x4dc8</run_address>
         <size>0x16</size>
         <input_file_ref idref="fl-ee"/>
      </object_component>
      <object_component id="oc-3e0">
         <name>.text:UARTEnable</name>
         <load_address>0x4dde</load_address>
         <run_address>0x4dde</run_address>
         <size>0x14</size>
         <input_file_ref idref="fl-f8"/>
      </object_component>
      <object_component id="oc-431">
         <name>.text:prvDeleteTCB</name>
         <load_address>0x4df2</load_address>
         <run_address>0x4df2</run_address>
         <size>0x14</size>
         <input_file_ref idref="fl-11"/>
      </object_component>
      <object_component id="oc-168">
         <name>.text</name>
         <load_address>0x4e08</load_address>
         <run_address>0x4e08</run_address>
         <size>0x14</size>
         <input_file_ref idref="fl-dc"/>
      </object_component>
      <object_component id="oc-5fa">
         <name>.text</name>
         <load_address>0x4e1c</load_address>
         <run_address>0x4e1c</run_address>
         <size>0x14</size>
         <input_file_ref idref="fl-f2"/>
      </object_component>
      <object_component id="oc-529">
         <name>.text</name>
         <load_address>0x4e30</load_address>
         <run_address>0x4e30</run_address>
         <size>0x14</size>
         <input_file_ref idref="fl-ef"/>
      </object_component>
      <object_component id="oc-473">
         <name>.text:PWMOutputState</name>
         <load_address>0x4e44</load_address>
         <run_address>0x4e44</run_address>
         <size>0x12</size>
         <input_file_ref idref="fl-f6"/>
      </object_component>
      <object_component id="oc-59d">
         <name>.text:PWMGenPeriodSet</name>
         <load_address>0x4e56</load_address>
         <run_address>0x4e56</run_address>
         <size>0x10</size>
         <input_file_ref idref="fl-f6"/>
      </object_component>
      <object_component id="oc-2b5">
         <name>.text:prvTaskExitError</name>
         <load_address>0x4e66</load_address>
         <run_address>0x4e66</run_address>
         <size>0x10</size>
         <input_file_ref idref="fl-13"/>
      </object_component>
      <object_component id="oc-2ae">
         <name>.text:vListInitialiseItem</name>
         <load_address>0x4e76</load_address>
         <run_address>0x4e76</run_address>
         <size>0x10</size>
         <input_file_ref idref="fl-f"/>
      </object_component>
      <object_component id="oc-273">
         <name>.text:vTaskSuspendAll</name>
         <load_address>0x4e88</load_address>
         <run_address>0x4e88</run_address>
         <size>0x10</size>
         <input_file_ref idref="fl-11"/>
      </object_component>
      <object_component id="oc-4e6">
         <name>.text:ADCSequenceEnable</name>
         <load_address>0x4e98</load_address>
         <run_address>0x4e98</run_address>
         <size>0xe</size>
         <input_file_ref idref="fl-f3"/>
      </object_component>
      <object_component id="oc-4f0">
         <name>.text:GPIOIntStatus</name>
         <load_address>0x4ea6</load_address>
         <run_address>0x4ea6</run_address>
         <size>0xe</size>
         <input_file_ref idref="fl-f4"/>
      </object_component>
      <object_component id="oc-18">
         <name>.text:decompress:none</name>
         <load_address>0x4eb4</load_address>
         <run_address>0x4eb4</run_address>
         <size>0xe</size>
         <input_file_ref idref="fl-d3"/>
      </object_component>
      <object_component id="oc-4be">
         <name>.text:GPIOIntEnable</name>
         <load_address>0x4ec2</load_address>
         <run_address>0x4ec2</run_address>
         <size>0xc</size>
         <input_file_ref idref="fl-f4"/>
      </object_component>
      <object_component id="oc-46d">
         <name>.text:PWMGenEnable</name>
         <load_address>0x4ece</load_address>
         <run_address>0x4ece</run_address>
         <size>0xc</size>
         <input_file_ref idref="fl-f6"/>
      </object_component>
      <object_component id="oc-1e">
         <name>.text:decompress:ZI</name>
         <load_address>0x4eda</load_address>
         <run_address>0x4eda</run_address>
         <size>0xc</size>
         <input_file_ref idref="fl-d4"/>
      </object_component>
      <object_component id="oc-244">
         <name>.text:getEncoderCount</name>
         <load_address>0x4ee8</load_address>
         <run_address>0x4ee8</run_address>
         <size>0xc</size>
         <input_file_ref idref="fl-8"/>
      </object_component>
      <object_component id="oc-213">
         <name>.text:getYawDest</name>
         <load_address>0x4ef4</load_address>
         <run_address>0x4ef4</run_address>
         <size>0xc</size>
         <input_file_ref idref="fl-b"/>
      </object_component>
      <object_component id="oc-496">
         <name>.text:vTaskMissedYield</name>
         <load_address>0x4f00</load_address>
         <run_address>0x4f00</run_address>
         <size>0xc</size>
         <input_file_ref idref="fl-11"/>
      </object_component>
      <object_component id="oc-3af">
         <name>.text:ADCIntClear</name>
         <load_address>0x4f0c</load_address>
         <run_address>0x4f0c</run_address>
         <size>0xa</size>
         <input_file_ref idref="fl-f3"/>
      </object_component>
      <object_component id="oc-3f4">
         <name>.text:UARTCharPut</name>
         <load_address>0x4f16</load_address>
         <run_address>0x4f16</run_address>
         <size>0xa</size>
         <input_file_ref idref="fl-f8"/>
      </object_component>
      <object_component id="oc-3da">
         <name>.text:UARTFIFOEnable</name>
         <load_address>0x4f20</load_address>
         <run_address>0x4f20</run_address>
         <size>0xa</size>
         <input_file_ref idref="fl-f8"/>
      </object_component>
      <object_component id="oc-1ed">
         <name>.text:prvIdleTask</name>
         <load_address>0x4f2a</load_address>
         <run_address>0x4f2a</run_address>
         <size>0xa</size>
         <input_file_ref idref="fl-11"/>
      </object_component>
      <object_component id="oc-f9">
         <name>.text:vApplicationStackOverflowHook</name>
         <load_address>0x4f34</load_address>
         <run_address>0x4f34</run_address>
         <size>0xa</size>
         <input_file_ref idref="fl-2"/>
      </object_component>
      <object_component id="oc-4f6">
         <name>.text:GPIOIntClear</name>
         <load_address>0x4f3e</load_address>
         <run_address>0x4f3e</run_address>
         <size>0x6</size>
         <input_file_ref idref="fl-f4"/>
      </object_component>
      <object_component id="oc-5cd">
         <name>.text:GPIOPinRead</name>
         <load_address>0x4f44</load_address>
         <run_address>0x4f44</run_address>
         <size>0x6</size>
         <input_file_ref idref="fl-f4"/>
      </object_component>
      <object_component id="oc-592">
         <name>.text:GPIOPinWrite</name>
         <load_address>0x4f4a</load_address>
         <run_address>0x4f4a</run_address>
         <size>0x6</size>
         <input_file_ref idref="fl-f4"/>
      </object_component>
      <object_component id="oc-2b">
         <name>.text:ResetISR</name>
         <load_address>0x4f50</load_address>
         <run_address>0x4f50</run_address>
         <size>0x6</size>
         <input_file_ref idref="fl-3"/>
      </object_component>
      <object_component id="oc-1ab">
         <name>.text:SysCtlDelay</name>
         <load_address>0x4f56</load_address>
         <run_address>0x4f56</run_address>
         <size>0x6</size>
         <input_file_ref idref="fl-f7"/>
      </object_component>
      <object_component id="oc-348">
         <name>.text:PWMSyncUpdate</name>
         <load_address>0x4f5c</load_address>
         <run_address>0x4f5c</run_address>
         <size>0x4</size>
         <input_file_ref idref="fl-f6"/>
      </object_component>
      <object_component id="oc-7a">
         <name>.text</name>
         <load_address>0x4f60</load_address>
         <run_address>0x4f60</run_address>
         <size>0x4</size>
         <input_file_ref idref="fl-d9"/>
      </object_component>
      <object_component id="oc-607">
         <name>.const:.string:_ctypes_</name>
         <load_address>0x4f64</load_address>
         <run_address>0x4f64</run_address>
         <size>0x101</size>
         <input_file_ref idref="fl-e2"/>
      </object_component>
      <object_component id="oc-288">
         <name>.const</name>
         <load_address>0x5066</load_address>
         <run_address>0x5066</run_address>
         <size>0x2</size>
         <input_file_ref idref="fl-15"/>
      </object_component>
      <object_component id="oc-620">
         <name>.const:g_ppui32GPIOIntMapSnowflake</name>
         <load_address>0x5068</load_address>
         <run_address>0x5068</run_address>
         <size>0xd8</size>
         <input_file_ref idref="fl-f4"/>
      </object_component>
      <object_component id="oc-61d">
         <name>.const:g_ppui32GPIOIntMapBlizzard</name>
         <load_address>0x5140</load_address>
         <run_address>0x5140</run_address>
         <size>0xc0</size>
         <input_file_ref idref="fl-f4"/>
      </object_component>
      <object_component id="oc-617">
         <name>.const:g_pui32GPIOBaseAddrs</name>
         <load_address>0x5200</load_address>
         <run_address>0x5200</run_address>
         <size>0x90</size>
         <input_file_ref idref="fl-f4"/>
      </object_component>
      <object_component id="oc-516">
         <name>.const:g_pui32Xtals</name>
         <load_address>0x5290</load_address>
         <run_address>0x5290</run_address>
         <size>0x6c</size>
         <input_file_ref idref="fl-f7"/>
      </object_component>
      <object_component id="oc-479">
         <name>.const:$P$T0$1</name>
         <load_address>0x52fc</load_address>
         <run_address>0x52fc</run_address>
         <size>0x38</size>
         <input_file_ref idref="fl-7"/>
      </object_component>
      <object_component id="oc-4ec">
         <name>.const:$P$T0$1</name>
         <load_address>0x5334</load_address>
         <run_address>0x5334</run_address>
         <size>0x28</size>
         <input_file_ref idref="fl-4"/>
      </object_component>
      <object_component id="oc-451">
         <name>.const:$P$T0$1</name>
         <load_address>0x535c</load_address>
         <run_address>0x535c</run_address>
         <size>0x18</size>
         <input_file_ref idref="fl-6"/>
      </object_component>
      <object_component id="oc-2f5">
         <name>.const:$P$T0$1</name>
         <load_address>0x5374</load_address>
         <run_address>0x5374</run_address>
         <size>0x14</size>
         <input_file_ref idref="fl-a"/>
      </object_component>
      <object_component id="oc-2ff">
         <name>.const:$P$T1$2</name>
         <load_address>0x5388</load_address>
         <run_address>0x5388</run_address>
         <size>0x14</size>
         <input_file_ref idref="fl-a"/>
      </object_component>
      <object_component id="oc-629">
         <name>.const:g_pui32EnRegs</name>
         <load_address>0x539c</load_address>
         <run_address>0x539c</run_address>
         <size>0x14</size>
         <input_file_ref idref="fl-f5"/>
      </object_component>
      <object_component id="oc-9d">
         <name>.const</name>
         <load_address>0x53b0</load_address>
         <run_address>0x53b0</run_address>
         <size>0x4</size>
         <input_file_ref idref="fl-13"/>
      </object_component>
      <object_component id="oc-672">
         <name>.cinit..data.load</name>
         <load_address>0x53b8</load_address>
         <run_address>0x53b8</run_address>
         <size>0x4d</size>
      </object_component>
      <object_component id="oc-66f">
         <name>__TI_handler_table</name>
         <load_address>0x5408</load_address>
         <run_address>0x5408</run_address>
         <size>0xc</size>
      </object_component>
      <object_component id="oc-673">
         <name>.cinit..bss.load</name>
         <load_address>0x5418</load_address>
         <run_address>0x5418</run_address>
         <size>0x8</size>
      </object_component>
      <object_component id="oc-671">
         <name>.cinit..vtable.load</name>
         <load_address>0x5420</load_address>
         <run_address>0x5420</run_address>
         <size>0x8</size>
      </object_component>
      <object_component id="oc-670">
         <name>__TI_cinit_table</name>
         <load_address>0x5428</load_address>
         <run_address>0x5428</run_address>
         <size>0x18</size>
      </object_component>
      <object_component id="oc-624">
         <name>.vtable</name>
         <uninitialized>true</uninitialized>
         <run_address>0x20000000</run_address>
         <size>0x26c</size>
         <input_file_ref idref="fl-f5"/>
      </object_component>
      <object_component id="oc-39a">
         <name>.data:PB</name>
         <load_address>0x20007ef4</load_address>
         <run_address>0x20007ef4</run_address>
         <size>0xc</size>
         <input_file_ref idref="fl-2"/>
      </object_component>
      <object_component id="oc-2fb">
         <name>.data:PC</name>
         <load_address>0x20007f00</load_address>
         <run_address>0x20007f00</run_address>
         <size>0xc</size>
         <input_file_ref idref="fl-2"/>
      </object_component>
      <object_component id="oc-390">
         <name>.data:PD</name>
         <load_address>0x20007f0c</load_address>
         <run_address>0x20007f0c</run_address>
         <size>0xc</size>
         <input_file_ref idref="fl-2"/>
      </object_component>
      <object_component id="oc-386">
         <name>.data:PE</name>
         <load_address>0x20007f18</load_address>
         <run_address>0x20007f18</run_address>
         <size>0xc</size>
         <input_file_ref idref="fl-2"/>
      </object_component>
      <object_component id="oc-2f1">
         <name>.data:PF</name>
         <load_address>0x20007f24</load_address>
         <run_address>0x20007f24</run_address>
         <size>0xc</size>
         <input_file_ref idref="fl-2"/>
      </object_component>
      <object_component id="oc-302">
         <name>.data:pwm0</name>
         <load_address>0x20007f30</load_address>
         <run_address>0x20007f30</run_address>
         <size>0xc</size>
         <input_file_ref idref="fl-a"/>
      </object_component>
      <object_component id="oc-2f8">
         <name>.data:pwm1</name>
         <load_address>0x20007f3c</load_address>
         <run_address>0x20007f3c</run_address>
         <size>0xc</size>
         <input_file_ref idref="fl-a"/>
      </object_component>
      <object_component id="oc-337">
         <name>.data</name>
         <load_address>0x20007f50</load_address>
         <run_address>0x20007f50</run_address>
         <size>0x8</size>
         <input_file_ref idref="fl-b"/>
      </object_component>
      <object_component id="oc-9a">
         <name>.data</name>
         <load_address>0x20007eb8</load_address>
         <run_address>0x20007eb8</run_address>
         <size>0x30</size>
         <input_file_ref idref="fl-11"/>
      </object_component>
      <object_component id="oc-2bc">
         <name>.data</name>
         <load_address>0x20007f60</load_address>
         <run_address>0x20007f60</run_address>
         <size>0x4</size>
         <input_file_ref idref="fl-13"/>
      </object_component>
      <object_component id="oc-285">
         <name>.data</name>
         <load_address>0x20007f58</load_address>
         <run_address>0x20007f58</run_address>
         <size>0x8</size>
         <input_file_ref idref="fl-15"/>
      </object_component>
      <object_component id="oc-e3">
         <name>.data:$O1$$</name>
         <load_address>0x20007ee8</load_address>
         <run_address>0x20007ee8</run_address>
         <size>0xc</size>
         <input_file_ref idref="fl-d5"/>
      </object_component>
      <object_component id="oc-92">
         <name>.data</name>
         <load_address>0x20007f68</load_address>
         <run_address>0x20007f68</run_address>
         <size>0x4</size>
         <input_file_ref idref="fl-db"/>
      </object_component>
      <object_component id="oc-e6">
         <name>.data:$O1$$</name>
         <load_address>0x20007f48</load_address>
         <run_address>0x20007f48</run_address>
         <size>0x8</size>
         <input_file_ref idref="fl-dc"/>
      </object_component>
      <object_component id="oc-600">
         <name>.data</name>
         <load_address>0x20007f64</load_address>
         <run_address>0x20007f64</run_address>
         <size>0x4</size>
         <input_file_ref idref="fl-f1"/>
      </object_component>
      <object_component id="oc-ff">
         <name>.bss:pxReadyTasksLists</name>
         <uninitialized>true</uninitialized>
         <run_address>0x2000779c</run_address>
         <size>0x78</size>
         <input_file_ref idref="fl-11"/>
      </object_component>
      <object_component id="oc-2c0">
         <name>.bss:xDelayedTaskList1</name>
         <uninitialized>true</uninitialized>
         <run_address>0x20007a2c</run_address>
         <size>0x14</size>
         <input_file_ref idref="fl-11"/>
      </object_component>
      <object_component id="oc-2c3">
         <name>.bss:xDelayedTaskList2</name>
         <uninitialized>true</uninitialized>
         <run_address>0x20007a40</run_address>
         <size>0x14</size>
         <input_file_ref idref="fl-11"/>
      </object_component>
      <object_component id="oc-115">
         <name>.bss</name>
         <uninitialized>true</uninitialized>
         <run_address>0x20007a90</run_address>
         <size>0x8</size>
         <input_file_ref idref="fl-11"/>
      </object_component>
      <object_component id="oc-2c6">
         <name>.bss:xPendingReadyList</name>
         <uninitialized>true</uninitialized>
         <run_address>0x20007a54</run_address>
         <size>0x14</size>
         <input_file_ref idref="fl-11"/>
      </object_component>
      <object_component id="oc-2c9">
         <name>.bss:xTasksWaitingTermination</name>
         <uninitialized>true</uninitialized>
         <run_address>0x20007a7c</run_address>
         <size>0x14</size>
         <input_file_ref idref="fl-11"/>
      </object_component>
      <object_component id="oc-2cc">
         <name>.bss:xSuspendedTaskList</name>
         <uninitialized>true</uninitialized>
         <run_address>0x20007a68</run_address>
         <size>0x14</size>
         <input_file_ref idref="fl-11"/>
      </object_component>
      <object_component id="oc-40b">
         <name>.bss:ucHeap</name>
         <uninitialized>true</uninitialized>
         <run_address>0x2000026c</run_address>
         <size>0x7530</size>
         <input_file_ref idref="fl-15"/>
      </object_component>
      <object_component id="oc-28b">
         <name>.bss:xStart</name>
         <uninitialized>true</uninitialized>
         <run_address>0x20007aa0</run_address>
         <size>0x8</size>
         <input_file_ref idref="fl-15"/>
      </object_component>
      <object_component id="oc-28e">
         <name>.bss:xEnd</name>
         <uninitialized>true</uninitialized>
         <run_address>0x20007a98</run_address>
         <size>0x8</size>
         <input_file_ref idref="fl-15"/>
      </object_component>
      <object_component id="oc-2f4">
         <name>.common:PF1</name>
         <uninitialized>true</uninitialized>
         <run_address>0x200079cc</run_address>
         <size>0x18</size>
      </object_component>
      <object_component id="oc-39f">
         <name>.common:PE4</name>
         <uninitialized>true</uninitialized>
         <run_address>0x2000799c</run_address>
         <size>0x18</size>
      </object_component>
      <object_component id="oc-39d">
         <name>.common:PB0</name>
         <uninitialized>true</uninitialized>
         <run_address>0x2000790c</run_address>
         <size>0x18</size>
      </object_component>
      <object_component id="oc-39e">
         <name>.common:PB1</name>
         <uninitialized>true</uninitialized>
         <run_address>0x20007924</run_address>
         <size>0x18</size>
      </object_component>
      <object_component id="oc-2fe">
         <name>.common:PC5</name>
         <uninitialized>true</uninitialized>
         <run_address>0x2000793c</run_address>
         <size>0x18</size>
      </object_component>
      <object_component id="oc-389">
         <name>.common:PE0</name>
         <uninitialized>true</uninitialized>
         <run_address>0x2000796c</run_address>
         <size>0x18</size>
      </object_component>
      <object_component id="oc-393">
         <name>.common:PD2</name>
         <uninitialized>true</uninitialized>
         <run_address>0x20007954</run_address>
         <size>0x18</size>
      </object_component>
      <object_component id="oc-37e">
         <name>.common:PF4</name>
         <uninitialized>true</uninitialized>
         <run_address>0x200079e4</run_address>
         <size>0x18</size>
      </object_component>
      <object_component id="oc-385">
         <name>.common:PF0</name>
         <uninitialized>true</uninitialized>
         <run_address>0x200079b4</run_address>
         <size>0x18</size>
      </object_component>
      <object_component id="oc-142">
         <name>.common:g_pUARTMutex</name>
         <uninitialized>true</uninitialized>
         <run_address>0x20007aac</run_address>
         <size>0x4</size>
      </object_component>
      <object_component id="oc-145">
         <name>.common:g_height_Queue</name>
         <uninitialized>true</uninitialized>
         <run_address>0x20007aa8</run_address>
         <size>0x4</size>
      </object_component>
      <object_component id="oc-146">
         <name>.common:g_yaw_Queue</name>
         <uninitialized>true</uninitialized>
         <run_address>0x20007ab0</run_address>
         <size>0x4</size>
      </object_component>
      <object_component id="oc-3b7">
         <name>.common:YawEncoder</name>
         <uninitialized>true</uninitialized>
         <run_address>0x20007814</run_address>
         <size>0x38</size>
      </object_component>
      <object_component id="oc-4d2">
         <name>.common:lastState</name>
         <uninitialized>true</uninitialized>
         <run_address>0x20007ab4</run_address>
         <size>0x1</size>
      </object_component>
      <object_component id="oc-230">
         <name>.common:pwmYaw</name>
         <uninitialized>true</uninitialized>
         <run_address>0x20007884</run_address>
         <size>0x38</size>
      </object_component>
      <object_component id="oc-22f">
         <name>.common:pwmHeight</name>
         <uninitialized>true</uninitialized>
         <run_address>0x2000784c</run_address>
         <size>0x38</size>
      </object_component>
      <object_component id="oc-22e">
         <name>.common:PIDyaw</name>
         <uninitialized>true</uninitialized>
         <run_address>0x20007a14</run_address>
         <size>0x18</size>
      </object_component>
      <object_component id="oc-22b">
         <name>.common:PIDheight</name>
         <uninitialized>true</uninitialized>
         <run_address>0x200079fc</run_address>
         <size>0x18</size>
      </object_component>
      <object_component id="oc-3a0">
         <name>.common:PE3</name>
         <uninitialized>true</uninitialized>
         <run_address>0x20007984</run_address>
         <size>0x18</size>
      </object_component>
      <object_component id="oc-24a">
         <name>.common:adcPin1</name>
         <uninitialized>true</uninitialized>
         <run_address>0x200078bc</run_address>
         <size>0x28</size>
      </object_component>
      <object_component id="oc-3a1">
         <name>.common:dummyAdcPin</name>
         <uninitialized>true</uninitialized>
         <run_address>0x200078e4</run_address>
         <size>0x28</size>
      </object_component>
      <object_component id="oc-2a">
         <name>.stack</name>
         <uninitialized>true</uninitialized>
         <run_address>0x20007ab8</run_address>
         <size>0x0</size>
         <input_file_ref idref="fl-d1"/>
      </object_component>
      <object_component id="oc-674">
         <name>.stack</name>
         <uninitialized>true</uninitialized>
         <run_address>0x20007ab8</run_address>
         <size>0x0</size>
      </object_component>
      <object_component id="oc-143">
         <name>.debug_info</name>
         <load_address>0x0</load_address>
         <run_address>0x0</run_address>
         <size>0x71c</size>
         <input_file_ref idref="fl-2"/>
      </object_component>
      <object_component id="oc-39b">
         <name>.debug_info</name>
         <load_address>0x71c</load_address>
         <run_address>0x71c</run_address>
         <size>0x138</size>
         <input_file_ref idref="fl-2"/>
      </object_component>
      <object_component id="oc-2fc">
         <name>.debug_info</name>
         <load_address>0x854</load_address>
         <run_address>0x854</run_address>
         <size>0x138</size>
         <input_file_ref idref="fl-2"/>
      </object_component>
      <object_component id="oc-391">
         <name>.debug_info</name>
         <load_address>0x98c</load_address>
         <run_address>0x98c</run_address>
         <size>0x138</size>
         <input_file_ref idref="fl-2"/>
      </object_component>
      <object_component id="oc-387">
         <name>.debug_info</name>
         <load_address>0xac4</load_address>
         <run_address>0xac4</run_address>
         <size>0x138</size>
         <input_file_ref idref="fl-2"/>
      </object_component>
      <object_component id="oc-2f2">
         <name>.debug_info</name>
         <load_address>0xbfc</load_address>
         <run_address>0xbfc</run_address>
         <size>0x138</size>
         <input_file_ref idref="fl-2"/>
      </object_component>
      <object_component id="oc-fb">
         <name>.debug_info</name>
         <load_address>0xd34</load_address>
         <run_address>0xd34</run_address>
         <size>0x1f8</size>
         <input_file_ref idref="fl-2"/>
      </object_component>
      <object_component id="oc-dd">
         <name>.debug_info</name>
         <load_address>0xf2c</load_address>
         <run_address>0xf2c</run_address>
         <size>0x29c</size>
         <input_file_ref idref="fl-2"/>
      </object_component>
      <object_component id="oc-17b">
         <name>.debug_info</name>
         <load_address>0x11c8</load_address>
         <run_address>0x11c8</run_address>
         <size>0x2ef</size>
         <input_file_ref idref="fl-2"/>
      </object_component>
      <object_component id="oc-3bd">
         <name>.debug_info</name>
         <load_address>0x14b7</load_address>
         <run_address>0x14b7</run_address>
         <size>0x92</size>
         <input_file_ref idref="fl-2"/>
      </object_component>
      <object_component id="oc-1f6">
         <name>.debug_info</name>
         <load_address>0x1549</load_address>
         <run_address>0x1549</run_address>
         <size>0x2dc</size>
         <input_file_ref idref="fl-2"/>
      </object_component>
      <object_component id="oc-18a">
         <name>.debug_info</name>
         <load_address>0x1825</load_address>
         <run_address>0x1825</run_address>
         <size>0x110</size>
         <input_file_ref idref="fl-2"/>
      </object_component>
      <object_component id="oc-33c">
         <name>.debug_info</name>
         <load_address>0x1935</load_address>
         <run_address>0x1935</run_address>
         <size>0xae</size>
         <input_file_ref idref="fl-2"/>
      </object_component>
      <object_component id="oc-57">
         <name>.debug_info</name>
         <load_address>0x19e3</load_address>
         <run_address>0x19e3</run_address>
         <size>0x84</size>
         <input_file_ref idref="fl-2"/>
      </object_component>
      <object_component id="oc-1bb">
         <name>.debug_info</name>
         <load_address>0x1a67</load_address>
         <run_address>0x1a67</run_address>
         <size>0x46</size>
         <input_file_ref idref="fl-2"/>
      </object_component>
      <object_component id="oc-15a">
         <name>.debug_info</name>
         <load_address>0x1aad</load_address>
         <run_address>0x1aad</run_address>
         <size>0x2c</size>
         <input_file_ref idref="fl-2"/>
      </object_component>
      <object_component id="oc-18f">
         <name>.debug_info</name>
         <load_address>0x1ad9</load_address>
         <run_address>0x1ad9</run_address>
         <size>0x2c</size>
         <input_file_ref idref="fl-2"/>
      </object_component>
      <object_component id="oc-b0">
         <name>.debug_info</name>
         <load_address>0x1b05</load_address>
         <run_address>0x1b05</run_address>
         <size>0x18b</size>
         <input_file_ref idref="fl-2"/>
      </object_component>
      <object_component id="oc-f1">
         <name>.debug_info</name>
         <load_address>0x1c90</load_address>
         <run_address>0x1c90</run_address>
         <size>0x53</size>
         <input_file_ref idref="fl-2"/>
      </object_component>
      <object_component id="oc-3ef">
         <name>.debug_info</name>
         <load_address>0x1ce3</load_address>
         <run_address>0x1ce3</run_address>
         <size>0x4e</size>
         <input_file_ref idref="fl-2"/>
      </object_component>
      <object_component id="oc-185">
         <name>.debug_info</name>
         <load_address>0x1d31</load_address>
         <run_address>0x1d31</run_address>
         <size>0x14c</size>
         <input_file_ref idref="fl-2"/>
      </object_component>
      <object_component id="oc-50">
         <name>.debug_info</name>
         <load_address>0x1e7d</load_address>
         <run_address>0x1e7d</run_address>
         <size>0x382</size>
         <input_file_ref idref="fl-3"/>
      </object_component>
      <object_component id="oc-10">
         <name>.debug_info</name>
         <load_address>0x21ff</load_address>
         <run_address>0x21ff</run_address>
         <size>0x153</size>
         <input_file_ref idref="fl-3"/>
      </object_component>
      <object_component id="oc-2c">
         <name>.debug_info</name>
         <load_address>0x2352</load_address>
         <run_address>0x2352</run_address>
         <size>0x183</size>
         <input_file_ref idref="fl-3"/>
      </object_component>
      <object_component id="oc-32">
         <name>.debug_info</name>
         <load_address>0x24d5</load_address>
         <run_address>0x24d5</run_address>
         <size>0x174</size>
         <input_file_ref idref="fl-3"/>
      </object_component>
      <object_component id="oc-38">
         <name>.debug_info</name>
         <load_address>0x2649</load_address>
         <run_address>0x2649</run_address>
         <size>0x17a</size>
         <input_file_ref idref="fl-3"/>
      </object_component>
      <object_component id="oc-3e">
         <name>.debug_info</name>
         <load_address>0x27c3</load_address>
         <run_address>0x27c3</run_address>
         <size>0x18c</size>
         <input_file_ref idref="fl-3"/>
      </object_component>
      <object_component id="oc-3b6">
         <name>.debug_info</name>
         <load_address>0x294f</load_address>
         <run_address>0x294f</run_address>
         <size>0x55c</size>
         <input_file_ref idref="fl-4"/>
      </object_component>
      <object_component id="oc-4ed">
         <name>.debug_info</name>
         <load_address>0x2eab</load_address>
         <run_address>0x2eab</run_address>
         <size>0x148</size>
         <input_file_ref idref="fl-4"/>
      </object_component>
      <object_component id="oc-379">
         <name>.debug_info</name>
         <load_address>0x2ff3</load_address>
         <run_address>0x2ff3</run_address>
         <size>0x2a9</size>
         <input_file_ref idref="fl-4"/>
      </object_component>
      <object_component id="oc-23f">
         <name>.debug_info</name>
         <load_address>0x329c</load_address>
         <run_address>0x329c</run_address>
         <size>0x1fc</size>
         <input_file_ref idref="fl-4"/>
      </object_component>
      <object_component id="oc-2e0">
         <name>.debug_info</name>
         <load_address>0x3498</load_address>
         <run_address>0x3498</run_address>
         <size>0x20d</size>
         <input_file_ref idref="fl-5"/>
      </object_component>
      <object_component id="oc-20e">
         <name>.debug_info</name>
         <load_address>0x36a5</load_address>
         <run_address>0x36a5</run_address>
         <size>0x223</size>
         <input_file_ref idref="fl-5"/>
      </object_component>
      <object_component id="oc-4c5">
         <name>.debug_info</name>
         <load_address>0x38c8</load_address>
         <run_address>0x38c8</run_address>
         <size>0x506</size>
         <input_file_ref idref="fl-6"/>
      </object_component>
      <object_component id="oc-452">
         <name>.debug_info</name>
         <load_address>0x3dce</load_address>
         <run_address>0x3dce</run_address>
         <size>0x148</size>
         <input_file_ref idref="fl-6"/>
      </object_component>
      <object_component id="oc-4ca">
         <name>.debug_info</name>
         <load_address>0x3f16</load_address>
         <run_address>0x3f16</run_address>
[...]
         <value>0x3d71</value>
         <object_component_ref idref="oc-13c"/>
      </symbol>
      <symbol id="sm-5e8">
         <name>pvTaskIncrementMutexHeldCount</name>
         <value>0x4c71</value>
         <object_component_ref idref="oc-30c"/>
      </symbol>
      <symbol id="sm-5e9">
         <name>vTaskMissedYield</name>
         <value>0x4f01</value>
         <object_component_ref idref="oc-496"/>
      </symbol>
      <symbol id="sm-5ea">
         <name>xTaskResumeAll</name>
         <value>0x29ed</value>
         <object_component_ref idref="oc-27f"/>
      </symbol>
      <symbol id="sm-5eb">
         <name>xTaskGenericCreate</name>
         <value>0x1ecd</value>
         <object_component_ref idref="oc-136"/>
      </symbol>
      <symbol id="sm-5ec">
         <name>pxCurrentTCB</name>
         <value>0x20007eb8</value>
         <object_component_ref idref="oc-9a"/>
      </symbol>
      <symbol id="sm-5ed">
         <name>vTaskSetTimeOutState</name>
         <value>0x4b51</value>
         <object_component_ref idref="oc-312"/>
      </symbol>
      <symbol id="sm-5ee">
         <name>xTaskIncrementTick</name>
         <value>0x213d</value>
         <object_component_ref idref="oc-a7"/>
      </symbol>
      <symbol id="sm-5ef">
         <name>vTaskSwitchContext</name>
         <value>0x3445</value>
         <object_component_ref idref="oc-a0"/>
      </symbol>
      <symbol id="sm-5f0">
         <name>xTaskRemoveFromEventList</name>
         <value>0x3811</value>
         <object_component_ref idref="oc-293"/>
      </symbol>
      <symbol id="sm-64f">
         <name>ulMaxSyscallInterruptPriority</name>
         <value>0x53b0</value>
         <object_component_ref idref="oc-9d"/>
      </symbol>
      <symbol id="sm-650">
         <name>vPortSetupTimerInterrupt</name>
         <value>0x4d59</value>
         <object_component_ref idref="oc-2d1"/>
      </symbol>
      <symbol id="sm-651">
         <name>xPortSysTickHandler</name>
         <value>0x4a8d</value>
         <object_component_ref idref="oc-48"/>
      </symbol>
      <symbol id="sm-652">
         <name>pxPortInitialiseStack</name>
         <value>0x42ad</value>
         <object_component_ref idref="oc-1ce"/>
      </symbol>
      <symbol id="sm-653">
         <name>vPortExitCritical</name>
         <value>0x4cc5</value>
         <object_component_ref idref="oc-1e0"/>
      </symbol>
      <symbol id="sm-654">
         <name>xPortStartScheduler</name>
         <value>0x4795</value>
         <object_component_ref idref="oc-1e7"/>
      </symbol>
      <symbol id="sm-655">
         <name>vPortEnterCritical</name>
         <value>0x4b2d</value>
         <object_component_ref idref="oc-1d4"/>
      </symbol>
      <symbol id="sm-664">
         <name>vPortStartFirstTask</name>
         <value>0x3041</value>
         <object_component_ref idref="oc-43"/>
      </symbol>
      <symbol id="sm-665">
         <name>ulPortGetIPSR</name>
         <value>0x2fa9</value>
         <object_component_ref idref="oc-43"/>
      </symbol>
      <symbol id="sm-666">
         <name>vPortEnableVFP</name>
         <value>0x305d</value>
         <object_component_ref idref="oc-43"/>
      </symbol>
      <symbol id="sm-667">
         <name>xPortPendSVHandler</name>
         <value>0x2fc1</value>
         <object_component_ref idref="oc-43"/>
      </symbol>
      <symbol id="sm-668">
         <name>vPortSVCHandler</name>
         <value>0x3021</value>
         <object_component_ref idref="oc-43"/>
      </symbol>
      <symbol id="sm-6c9">
         <name>pvPortMalloc</name>
         <value>0x24cd</value>
         <object_component_ref idref="oc-1ae"/>
      </symbol>
      <symbol id="sm-6ca">
         <name>vPortFree</name>
         <value>0x3d01</value>
         <object_component_ref idref="oc-2a7"/>
      </symbol>
      <symbol id="sm-6db">
         <name>_c_int00</name>
         <value>0x43b5</value>
         <object_component_ref idref="oc-24"/>
      </symbol>
      <symbol id="sm-6dc">
         <name>__stack</name>
         <value>0x20007ab8</value>
         <object_component_ref idref="oc-2a"/>
      </symbol>
      <symbol id="sm-6fa">
         <name>__TI_decompress_lzss</name>
         <value>0x3f25</value>
         <object_component_ref idref="oc-12"/>
      </symbol>
      <symbol id="sm-711">
         <name>__TI_decompress_none</name>
         <value>0x4eb5</value>
         <object_component_ref idref="oc-18"/>
      </symbol>
      <symbol id="sm-728">
         <name>__TI_zero_init</name>
         <value>0x4edb</value>
         <object_component_ref idref="oc-1e"/>
      </symbol>
      <symbol id="sm-749">
         <name>C$$EXIT</name>
         <value>0x4409</value>
         <object_component_ref idref="oc-8c"/>
      </symbol>
      <symbol id="sm-74a">
         <name>abort</name>
         <value>0x440d</value>
         <object_component_ref idref="oc-8c"/>
      </symbol>
      <symbol id="sm-74b">
         <name>exit</name>
         <value>0x4415</value>
         <object_component_ref idref="oc-8c"/>
      </symbol>
      <symbol id="sm-74c">
         <name>__TI_dtors_ptr</name>
         <value>0x20007eec</value>
         <object_component_ref idref="oc-e3"/>
      </symbol>
      <symbol id="sm-74d">
         <name>__TI_cleanup_ptr</name>
         <value>0x20007ee8</value>
         <object_component_ref idref="oc-e3"/>
      </symbol>
      <symbol id="sm-74e">
         <name>__TI_enable_exit_profile_output</name>
         <value>0x20007ef0</value>
         <object_component_ref idref="oc-e3"/>
      </symbol>
      <symbol id="sm-769">
         <name>memcpy</name>
         <value>0x3645</value>
         <object_component_ref idref="oc-5c"/>
      </symbol>
      <symbol id="sm-76a">
         <name>__aeabi_memcpy</name>
         <value>0x3645</value>
         <object_component_ref idref="oc-5c"/>
      </symbol>
      <symbol id="sm-76b">
         <name>__aeabi_memcpy8</name>
         <value>0x3645</value>
         <object_component_ref idref="oc-5c"/>
      </symbol>
      <symbol id="sm-76c">
         <name>__aeabi_memcpy4</name>
         <value>0x3645</value>
         <object_component_ref idref="oc-5c"/>
      </symbol>
      <symbol id="sm-77b">
         <name>__aeabi_memset</name>
         <value>0x3b2f</value>
         <object_component_ref idref="oc-68"/>
      </symbol>
      <symbol id="sm-77c">
         <name>memset</name>
         <value>0x3b35</value>
         <object_component_ref idref="oc-68"/>
      </symbol>
      <symbol id="sm-77d">
         <name>__aeabi_memset8</name>
         <value>0x3b2f</value>
         <object_component_ref idref="oc-68"/>
      </symbol>
      <symbol id="sm-77e">
         <name>__aeabi_memset4</name>
         <value>0x3b2f</value>
         <object_component_ref idref="oc-68"/>
      </symbol>
      <symbol id="sm-77f">
         <name>__aeabi_memclr8</name>
         <value>0x3b2d</value>
         <object_component_ref idref="oc-68"/>
      </symbol>
      <symbol id="sm-780">
         <name>__aeabi_memclr4</name>
         <value>0x3b2d</value>
         <object_component_ref idref="oc-68"/>
      </symbol>
      <symbol id="sm-781">
         <name>__aeabi_memclr</name>
         <value>0x3b2d</value>
         <object_component_ref idref="oc-68"/>
      </symbol>
      <symbol id="sm-78b">
         <name>__mpu_init</name>
         <value>0x23a3</value>
         <object_component_ref idref="oc-74"/>
      </symbol>
      <symbol id="sm-795">
         <name>_system_pre_init</name>
         <value>0x4f61</value>
         <object_component_ref idref="oc-7a"/>
      </symbol>
      <symbol id="sm-7ae">
         <name>sprintf</name>
         <value>0x4191</value>
         <object_component_ref idref="oc-254"/>
      </symbol>
      <symbol id="sm-7b6">
         <name>main_func_sp</name>
         <value>0x20007f68</value>
         <object_component_ref idref="oc-92"/>
      </symbol>
      <symbol id="sm-7cf">
         <name>_nop</name>
         <value>0x4e17</value>
         <object_component_ref idref="oc-168"/>
      </symbol>
      <symbol id="sm-7d0">
         <name>_lock</name>
         <value>0x20007f48</value>
         <object_component_ref idref="oc-e6"/>
      </symbol>
      <symbol id="sm-7d1">
         <name>_unlock</name>
         <value>0x20007f4c</value>
         <object_component_ref idref="oc-e6"/>
      </symbol>
      <symbol id="sm-7d2">
         <name>_register_lock</name>
         <value>0x4e0f</value>
         <object_component_ref idref="oc-168"/>
      </symbol>
      <symbol id="sm-7d3">
         <name>_register_unlock</name>
         <value>0x4e09</value>
         <object_component_ref idref="oc-168"/>
      </symbol>
      <symbol id="sm-8d4">
         <name>__TI_printfi</name>
         <value>0xab1</value>
         <object_component_ref idref="oc-3e7"/>
      </symbol>
      <symbol id="sm-8e8">
         <name>_args_main</name>
         <value>0x4d41</value>
         <object_component_ref idref="oc-86"/>
      </symbol>
      <symbol id="sm-8fe">
         <name>atoi</name>
         <value>0x459d</value>
         <object_component_ref idref="oc-56a"/>
      </symbol>
      <symbol id="sm-928">
         <name>__TI_auto_init</name>
         <value>0x3c91</value>
         <object_component_ref idref="oc-80"/>
      </symbol>
      <symbol id="sm-942">
         <name>copy_in</name>
         <value>0x45e9</value>
         <object_component_ref idref="oc-cd"/>
      </symbol>
      <symbol id="sm-94d">
         <name>_ctypes_</name>
         <value>0x4f64</value>
         <object_component_ref idref="oc-607"/>
      </symbol>
      <symbol id="sm-964">
         <name>__aeabi_dsub</name>
         <value>0x18e9</value>
         <object_component_ref idref="oc-553"/>
      </symbol>
      <symbol id="sm-965">
         <name>__aeabi_dadd</name>
         <value>0x18f3</value>
         <object_component_ref idref="oc-553"/>
      </symbol>
      <symbol id="sm-987">
         <name>__aeabi_cdcmpeq</name>
         <value>0x38a1</value>
         <object_component_ref idref="oc-52f"/>
      </symbol>
      <symbol id="sm-988">
         <name>__aeabi_cdcmple</name>
         <value>0x38a1</value>
         <object_component_ref idref="oc-52f"/>
      </symbol>
      <symbol id="sm-989">
         <name>__aeabi_cdrcmple</name>
         <value>0x3927</value>
         <object_component_ref idref="oc-53e"/>
      </symbol>
      <symbol id="sm-99d">
         <name>__aeabi_ddiv</name>
         <value>0x2005</value>
         <object_component_ref idref="oc-539"/>
      </symbol>
      <symbol id="sm-9a8">
         <name>__aeabi_dmul</name>
         <value>0x27f5</value>
         <object_component_ref idref="oc-534"/>
      </symbol>
      <symbol id="sm-9b2">
         <name>__aeabi_d2iz</name>
         <value>0x4635</value>
         <object_component_ref idref="oc-543"/>
      </symbol>
      <symbol id="sm-9bc">
         <name>__aeabi_i2d</name>
         <value>0x4957</value>
         <object_component_ref idref="oc-54e"/>
      </symbol>
      <symbol id="sm-9cb">
         <name>ltoa</name>
         <value>0x445d</value>
         <object_component_ref idref="oc-548"/>
      </symbol>
      <symbol id="sm-9db">
         <name>memccpy</name>
         <value>0x4ca9</value>
         <object_component_ref idref="oc-570"/>
      </symbol>
      <symbol id="sm-9f6">
         <name>frexpl</name>
         <value>0x412d</value>
         <object_component_ref idref="oc-558"/>
      </symbol>
      <symbol id="sm-9f7">
         <name>frexp</name>
         <value>0x412d</value>
         <object_component_ref idref="oc-558"/>
      </symbol>
      <symbol id="sm-a14">
         <name>scalbn</name>
         <value>0x28f1</value>
         <object_component_ref idref="oc-55e"/>
      </symbol>
      <symbol id="sm-a15">
         <name>scalbnl</name>
         <value>0x28f1</value>
         <object_component_ref idref="oc-55e"/>
      </symbol>
      <symbol id="sm-a16">
         <name>ldexpl</name>
         <value>0x28f1</value>
         <object_component_ref idref="oc-55e"/>
      </symbol>
      <symbol id="sm-a17">
         <name>ldexp</name>
         <value>0x28f1</value>
         <object_component_ref idref="oc-55e"/>
      </symbol>
      <symbol id="sm-a21">
         <name>_system_post_cinit</name>
         <value>0x306b</value>
         <object_component_ref idref="oc-d3"/>
      </symbol>
      <symbol id="sm-a31">
         <name>strchr</name>
         <value>0x4dc9</value>
         <object_component_ref idref="oc-564"/>
      </symbol>
      <symbol id="sm-a3f">
         <name>strlen</name>
         <value>0x4e31</value>
         <object_component_ref idref="oc-529"/>
      </symbol>
      <symbol id="sm-a5b">
         <name>__aeabi_uldivmod</name>
         <value>0x16f5</value>
         <object_component_ref idref="oc-524"/>
      </symbol>
      <symbol id="sm-a63">
         <name>errno</name>
         <value>0x20007f64</value>
         <object_component_ref idref="oc-600"/>
      </symbol>
      <symbol id="sm-a6d">
         <name>copysign</name>
         <value>0x4e1d</value>
         <object_component_ref idref="oc-5fa"/>
      </symbol>
      <symbol id="sm-a6e">
         <name>copysignl</name>
         <value>0x4e1d</value>
         <object_component_ref idref="oc-5fa"/>
      </symbol>
      <symbol id="sm-aa9">
         <name>ADCProcessorTrigger</name>
         <value>0x4ce1</value>
         <object_component_ref idref="oc-3a3"/>
      </symbol>
      <symbol id="sm-aaa">
         <name>ADCSequenceEnable</name>
         <value>0x4e99</value>
         <object_component_ref idref="oc-4e6"/>
      </symbol>
      <symbol id="sm-aab">
         <name>ADCSequenceConfigure</name>
         <value>0x44b1</value>
         <object_component_ref idref="oc-4da"/>
      </symbol>
      <symbol id="sm-aac">
         <name>ADCSequenceStepConfigure</name>
         <value>0x3ab3</value>
         <object_component_ref idref="oc-4e0"/>
      </symbol>
      <symbol id="sm-aad">
         <name>ADCIntClear</name>
         <value>0x4f0d</value>
         <object_component_ref idref="oc-3af"/>
      </symbol>
      <symbol id="sm-aae">
         <name>ADCSequenceDataGet</name>
         <value>0x4bf9</value>
         <object_component_ref idref="oc-3a9"/>
      </symbol>
      <symbol id="sm-b58">
         <name>GPIOPinTypePWM</name>
         <value>0x4d9d</value>
         <object_component_ref idref="oc-455"/>
      </symbol>
      <symbol id="sm-b59">
         <name>GPIOIntRegister</name>
         <value>0x4cf9</value>
         <object_component_ref idref="oc-4b2"/>
      </symbol>
      <symbol id="sm-b5a">
         <name>GPIOPinConfigure</name>
         <value>0x4551</value>
         <object_component_ref idref="oc-5a4"/>
      </symbol>
      <symbol id="sm-b5b">
         <name>GPIOIntEnable</name>
         <value>0x4ec3</value>
         <object_component_ref idref="oc-4be"/>
      </symbol>
      <symbol id="sm-b5c">
         <name>GPIOIntTypeSet</name>
         <value>0x4309</value>
         <object_component_ref idref="oc-4b8"/>
      </symbol>
      <symbol id="sm-b5d">
         <name>GPIOPinTypeADC</name>
         <value>0x4d71</value>
         <object_component_ref idref="oc-4d4"/>
      </symbol>
      <symbol id="sm-b5e">
         <name>GPIOPinTypeGPIOInput</name>
         <value>0x4d87</value>
         <object_component_ref idref="oc-445"/>
      </symbol>
      <symbol id="sm-b5f">
         <name>GPIOIntClear</name>
         <value>0x4f3f</value>
         <object_component_ref idref="oc-4f6"/>
      </symbol>
      <symbol id="sm-b60">
         <name>GPIOPinTypeUART</name>
         <value>0x4db3</value>
         <object_component_ref idref="oc-3c8"/>
      </symbol>
      <symbol id="sm-b61">
         <name>GPIOIntStatus</name>
         <value>0x4ea7</value>
         <object_component_ref idref="oc-4f0"/>
      </symbol>
      <symbol id="sm-b62">
         <name>GPIOPinTypeGPIOOutput</name>
         <value>0x4d11</value>
         <object_component_ref idref="oc-43f"/>
      </symbol>
      <symbol id="sm-b63">
         <name>GPIOPinRead</name>
         <value>0x4f45</value>
         <object_component_ref idref="oc-5cd"/>
      </symbol>
      <symbol id="sm-b64">
         <name>GPIODirModeSet</name>
         <value>0x49dd</value>
         <object_component_ref idref="oc-50e"/>
      </symbol>
      <symbol id="sm-b65">
         <name>GPIOPinWrite</name>
         <value>0x4f4b</value>
         <object_component_ref idref="oc-592"/>
      </symbol>
      <symbol id="sm-b66">
         <name>GPIOPadConfigSet</name>
         <value>0x2271</value>
         <object_component_ref idref="oc-4ab"/>
      </symbol>
      <symbol id="sm-b97">
         <name>IntEnable</name>
         <value>0x3ebd</value>
         <object_component_ref idref="oc-5c2"/>
      </symbol>
      <symbol id="sm-b98">
         <name>IntRegister</name>
         <value>0x488d</value>
         <object_component_ref idref="oc-5bc"/>
      </symbol>
      <symbol id="sm-b99">
         <name>g_pfnRAMVectors</name>
         <value>0x20000000</value>
         <object_component_ref idref="oc-624"/>
      </symbol>
      <symbol id="sm-bce">
         <name>PWMGenPeriodSet</name>
         <value>0x4e57</value>
         <object_component_ref idref="oc-59d"/>
      </symbol>
      <symbol id="sm-bcf">
         <name>PWMPulseWidthSet</name>
         <value>0x4c17</value>
         <object_component_ref idref="oc-342"/>
      </symbol>
      <symbol id="sm-bd0">
         <name>PWMSyncUpdate</name>
         <value>0x4f5d</value>
         <object_component_ref idref="oc-348"/>
      </symbol>
      <symbol id="sm-bd1">
         <name>PWMOutputState</name>
         <value>0x4e45</value>
         <object_component_ref idref="oc-473"/>
      </symbol>
      <symbol id="sm-bd2">
         <name>PWMGenEnable</name>
         <value>0x4ecf</value>
         <object_component_ref idref="oc-46d"/>
      </symbol>
      <symbol id="sm-bd3">
         <name>PWMGenConfigure</name>
         <value>0x4b75</value>
         <object_component_ref idref="oc-45b"/>
      </symbol>
      <symbol id="sm-c24">
         <name>SysCtlClockSet</name>
         <value>0x2be1</value>
         <object_component_ref idref="oc-12a"/>
      </symbol>
      <symbol id="sm-c25">
         <name>SysCtlDelay</name>
         <value>0x4f57</value>
         <object_component_ref idref="oc-1ab"/>
      </symbol>
      <symbol id="sm-c26">
         <name>SysCtlPeripheralEnable</name>
         <value>0x48c1</value>
         <object_component_ref idref="oc-3c2"/>
      </symbol>
      <symbol id="sm-c27">
         <name>SysCtlClockGet</name>
         <value>0x25e9</value>
         <object_component_ref idref="oc-3ce"/>
      </symbol>
      <symbol id="sm-c59">
         <name>UARTConfigSetExpClk</name>
         <value>0x46c5</value>
         <object_component_ref idref="oc-3d4"/>
      </symbol>
      <symbol id="sm-c5a">
         <name>UARTDisable</name>
         <value>0x4bb9</value>
         <object_component_ref idref="oc-51a"/>
      </symbol>
      <symbol id="sm-c5b">
         <name>UARTCharPut</name>
         <value>0x4f17</value>
         <object_component_ref idref="oc-3f4"/>
      </symbol>
      <symbol id="sm-c5c">
         <name>UARTEnable</name>
         <value>0x4ddf</value>
         <object_component_ref idref="oc-3e0"/>
      </symbol>
      <symbol id="sm-c5d">
         <name>UARTFIFOEnable</name>
         <value>0x4f21</value>
         <object_component_ref idref="oc-3da"/>
      </symbol>
      <symbol id="sm-c5f">
         <name>__TI_static_base__</name>
         <value>0x0</value>
      </symbol>
      <symbol id="sm-c62">
         <name>SHT$$INIT_ARRAY$$Limit</name>
         <value>0x0</value>
      </symbol>
      <symbol id="sm-c63">
         <name>SHT$$INIT_ARRAY$$Base</name>
         <value>0x0</value>
      </symbol>
   </symbol_table>
   <title>Link successful</title>
</link_info>
