******************************************************************************
                  TI ARM Linker PC v16.9.6                     
******************************************************************************
>> Linked Fri Aug 23 11:16:52 2019

OUTPUT FILE NAME:   <ENCE464_Heli.out>
ENTRY POINT SYMBOL: "_c_int00"  address: 000043b5


MEMORY CONFIGURATION

         name            origin    length      used     unused   attr    fill
----------------------  --------  ---------  --------  --------  ----  --------
  FLASH                 00000000   00040000  0000543c  0003abc4  R  X
  SRAM                  20000000   00008000  00007f69  00000097  RW X


SEGMENT ALLOCATION MAP

run origin  load origin   length   init length attrs members
----------  ----------- ---------- ----------- ----- -------
00000000    00000000    00005440   00005440    r-x
  00000000    00000000    0000026c   0000026c    r-- .intvecs
  0000026c    0000026c    00004cf8   00004cf8    r-x .text
  00004f64    00004f64    00000450   00000450    r-- .const
  000053b8    000053b8    00000088   00000088    r-- .cinit
20000000    20000000    00007f6c   00000000    rw-
  20000000    20000000    0000026c   00000000    rw- .vtable
  2000026c    2000026c    00007849   00000000    rw- .bss
  20007ab8    20007ab8    00000400   00000000    rw- .stack
  20007eb8    20007eb8    000000b4   00000000    rw- .data


SECTION ALLOCATION MAP

 output                                  attributes/
section   page    origin      length       input sections
--------  ----  ----------  ----------   ----------------
.intvecs   0    00000000    0000026c     
                  00000000    0000026c     startup_ccs.obj (.intvecs)

.text      0    0000026c    00004cf8     
                  0000026c    0000113e     rtsv7M4_T_le_v4SPD16_eabi.lib : _printfi.obj (.text)
                  000013aa    00000002     startup_ccs.obj (.text:FaultISR)
                  000013ac    00000348     gTaskSensor.obj (.text:sensorInit)
                  000016f4    000001f4     rtsv7M4_T_le_v4SPD16_eabi.lib : ull_div_t2.obj (.text)
                  000018e8    000001b6                                   : fd_add_t2.obj (.text)
                  00001a9e    00000002     startup_ccs.obj (.text:IntDefaultHandler)
                  00001aa0    00000170     gTaskController.obj (.text:controllerTask)
                  00001c10    0000016c     queue.obj (.text:xQueueGenericReceive)
                  00001d7c    00000150     gTaskController.obj (.text:controllerInit)
                  00001ecc    00000138     tasks.obj (.text:xTaskGenericCreate)
                  00002004    00000136     rtsv7M4_T_le_v4SPD16_eabi.lib : fd_div_t2.obj (.text)
                  0000213a    00000002     startup_ccs.obj (.text:NmiSR)
                  0000213c    00000134     tasks.obj (.text:xTaskIncrementTick)
                  00002270    00000132     driverlib.lib : gpio.obj (.text:GPIOPadConfigSet)
                  000023a2    00000002     rtsv7M4_T_le_v4SPD16_eabi.lib : mpu_init.obj (.text)
                  000023a4    00000128     queue.obj (.text:xQueueGenericSend)
                  000024cc    0000011c     heap_2.obj (.text:pvPortMalloc)
                  000025e8    00000110     driverlib.lib : sysctl.obj (.text:SysCtlClockGet)
                  000026f8    000000fc     PWM.obj (.text:pwmPinInit)
                  000027f4    000000fc     rtsv7M4_T_le_v4SPD16_eabi.lib : fd_mul_t2.obj (.text)
                  000028f0    000000fc                                   : s_scalbn.obj (.text)
                  000029ec    000000fc     tasks.obj (.text:xTaskResumeAll)
                  00002ae8    000000f8     encoder.obj (.text:encoderInit)
                  00002be0    000000f4     driverlib.lib : sysctl.obj (.text:SysCtlClockSet)
                  00002cd4    000000f0     gTaskSensor.obj (.text:sensorTask)
                  00002dc4    000000ec     main.obj (.text:main)
                  00002eb0    000000e8     PID.obj (.text:Go)
                  00002f98    000000d2     portasm.obj (.text)
                  0000306a    00000002     rtsv7M4_T_le_v4SPD16_eabi.lib : startup.obj (.text)
                  0000306c    000000d0     encoder.obj (.text:encoderIntHandler)
                  0000313c    000000c8     ADC.obj (.text:adcPinInit)
                  00003204    000000c8     tasks.obj (.text:vTaskPriorityInherit)
                  000032cc    000000bc     queue.obj (.text:prvCopyDataToQueue)
                  00003388    000000bc     gTaskUART.obj (.text:uartTask)
                  00003444    000000b8     tasks.obj (.text:vTaskSwitchContext)
                  000034fc    000000a8     tasks.obj (.text:xTaskPriorityDisinherit)
                  000035a4    000000a0     queue.obj (.text:xQueueGenericReset)
                  00003644    0000009c     rtsv7M4_T_le_v4SPD16_eabi.lib : memcpy_t2.obj (.text)
                  000036e0    0000009a     tasks.obj (.text:prvInitialiseTCBVariables)
                  0000377a    00000002     --HOLE-- [fill = 0]
                  0000377c    00000094     PIO.obj (.text:digPinInit)
                  00003810    00000090     tasks.obj (.text:xTaskRemoveFromEventList)
                  000038a0    00000086     rtsv7M4_T_le_v4SPD16_eabi.lib : fd_cmp_t2.obj (.text:__aeabi_cdcmple)
                  00003926    00000086                                   : fd_cmp_t2.obj (.text:__aeabi_cdrcmple)
                  000039ac    00000084     tasks.obj (.text:xTaskCheckForTimeOut)
                  00003a30    00000082     queue.obj (.text:prvUnlockQueue)
                  00003ab2    0000007a     driverlib.lib : adc.obj (.text:ADCSequenceStepConfigure)
                  00003b2c    0000007a     rtsv7M4_T_le_v4SPD16_eabi.lib : memset_t2.obj (.text)
                  00003ba6    00000076     queue.obj (.text:xQueueCreateMutex)
                  00003c1c    00000074     tasks.obj (.text:prvInitialiseTaskLists)
                  00003c90    00000070     rtsv7M4_T_le_v4SPD16_eabi.lib : autoinit.obj (.text)
                  00003d00    00000070     heap_2.obj (.text:vPortFree)
                  00003d70    00000070     tasks.obj (.text:vTaskStartScheduler)
                  00003de0    00000070     queue.obj (.text:xQueueGenericCreate)
                  00003e50    0000006c     tasks.obj (.text:vTaskDelay)
                  00003ebc    00000068     driverlib.lib : interrupt.obj (.text:IntEnable)
                  00003f24    00000068     rtsv7M4_T_le_v4SPD16_eabi.lib : copy_decompress_lzss.obj (.text:decompress:lzss)
                  00003f8c    00000068     PID.obj (.text:pidInit)
                  00003ff4    00000068     tasks.obj (.text:prvCheckTasksWaitingTermination)
                  0000405c    00000068     tasks.obj (.text:vTaskPlaceOnEventList)
                  000040c4    00000066     list.obj (.text:vListInsert)
                  0000412a    00000002     --HOLE-- [fill = 0]
                  0000412c    00000064     rtsv7M4_T_le_v4SPD16_eabi.lib : s_frexp.obj (.text)
                  00004190    00000060                                   : sprintf.obj (.text)
                  000041f0    0000005e     tasks.obj (.text:prvAllocateTCBAndStack)
                  0000424e    00000002     --HOLE-- [fill = 0]
                  00004250    0000005c     tasks.obj (.text:prvAddCurrentTaskToDelayedList)
                  000042ac    0000005c     port.obj (.text:pxPortInitialiseStack)
                  00004308    00000058     driverlib.lib : gpio.obj (.text:GPIOIntTypeSet)
                  00004360    00000054     gTaskSensor.obj (.text:heightInthandler)
                  000043b4    00000054     rtsv7M4_T_le_v4SPD16_eabi.lib : boot.obj (.text)
                  00004408    00000054                                   : exit.obj (.text)
                  0000445c    00000054                                   : ltoa.obj (.text)
                  000044b0    00000050     driverlib.lib : adc.obj (.text:ADCSequenceConfigure)
                  00004500    00000050     heap_2.obj (.text:prvHeapInit)
                  00004550    0000004c     driverlib.lib : gpio.obj (.text:GPIOPinConfigure)
                  0000459c    0000004c     rtsv7M4_T_le_v4SPD16_eabi.lib : atoi.obj (.text)
                  000045e8    0000004c                                   : cpy_tbl.obj (.text)
                  00004634    00000048                                   : fd_toi_t2.obj (.text)
                  0000467c    00000048     list.obj (.text:uxListRemove)
                  000046c4    00000046     driverlib.lib : uart.obj (.text:UARTConfigSetExpClk)
                  0000470a    00000002     --HOLE-- [fill = 0]
                  0000470c    00000044                   : gpio.obj (.text:_GPIOIntNumberGet)
                  00004750    00000044     uart_display.obj (.text:uartInit)
                  00004794    00000044     port.obj (.text:xPortStartScheduler)
                  000047d8    0000003c     queue.obj (.text:prvCopyDataFromQueue)
                  00004814    0000003c     tasks.obj (.text:prvResetNextTaskUnblockTime)
                  00004850    0000003c     list.obj (.text:vListInsertEnd)
                  0000488c    00000034     driverlib.lib : interrupt.obj (.text:IntRegister)
                  000048c0    00000034                   : sysctl.obj (.text:SysCtlPeripheralEnable)
                  000048f4    00000032     PWM.obj (.text:pwmDutySet)
                  00004926    00000030     list.obj (.text:vListInitialise)
                  00004956    0000002e     rtsv7M4_T_le_v4SPD16_eabi.lib : i_tofd_t2.obj (.text)
                  00004984    0000002c     gTaskSensor.obj (.text:ButtonDownHandler)
                  000049b0    0000002c     gTaskSensor.obj (.text:ButtonUpHandler)
                  000049dc    0000002c     driverlib.lib : gpio.obj (.text:GPIODirModeSet)
                  00004a08    0000002c     ADC.obj (.text:adcReadtoBuffer)
                  00004a34    0000002c     PIO.obj (.text:digPinPuPdSet)
                  00004a60    0000002c     PIO.obj (.text:digPinSet)
                  00004a8c    0000002c     port.obj (.text:xPortSysTickHandler)
                  00004ab8    00000028     PIO.obj (.text:digPinIntAttach)
                  00004ae0    00000026     queue.obj (.text:prvIsQueueFull)
                  00004b06    00000002     --HOLE-- [fill = 0]
                  00004b08    00000024     uart_display.obj (.text:uartSend)
                  00004b2c    00000024     port.obj (.text:vPortEnterCritical)
                  00004b50    00000024     tasks.obj (.text:vTaskSetTimeOutState)
                  00004b74    00000022     driverlib.lib : pwm.obj (.text:PWMGenConfigure)
                  00004b96    00000022     PIO.obj (.text:digPinRead)
                  00004bb8    00000020     driverlib.lib : uart.obj (.text:UARTDisable)
                  00004bd8    00000020     queue.obj (.text:prvIsQueueEmpty)
                  00004bf8    0000001e     driverlib.lib : adc.obj (.text:ADCSequenceDataGet)
                  00004c16    0000001e                   : pwm.obj (.text:PWMPulseWidthSet)
                  00004c34    0000001e     PIO.obj (.text:portEnable)
                  00004c52    0000001c     PIO.obj (.text:digPinAFset)
                  00004c6e    00000002     --HOLE-- [fill = 0]
                  00004c70    0000001c     tasks.obj (.text:pvTaskIncrementMutexHeldCount)
                  00004c8c    0000001c     PWM.obj (.text:pwmPeriodSet)
                  00004ca8    0000001c     rtsv7M4_T_le_v4SPD16_eabi.lib : memccpy.obj (.text)
                  00004cc4    0000001c     port.obj (.text:vPortExitCritical)
                  00004ce0    00000018     driverlib.lib : adc.obj (.text:ADCProcessorTrigger)
                  00004cf8    00000018                   : gpio.obj (.text:GPIOIntRegister)
                  00004d10    00000018                   : gpio.obj (.text:GPIOPinTypeGPIOOutput)
                  00004d28    00000018     gTaskSensor.obj (.text:getHeiDest)
                  00004d40    00000018     rtsv7M4_T_le_v4SPD16_eabi.lib : args_main.obj (.text)
                  00004d58    00000018     port.obj (.text:vPortSetupTimerInterrupt)
                  00004d70    00000016     driverlib.lib : gpio.obj (.text:GPIOPinTypeADC)
                  00004d86    00000016                   : gpio.obj (.text:GPIOPinTypeGPIOInput)
                  00004d9c    00000016                   : gpio.obj (.text:GPIOPinTypePWM)
                  00004db2    00000016                   : gpio.obj (.text:GPIOPinTypeUART)
                  00004dc8    00000016     rtsv7M4_T_le_v4SPD16_eabi.lib : strchr.obj (.text)
                  00004dde    00000014     driverlib.lib : uart.obj (.text:UARTEnable)
                  00004df2    00000014     tasks.obj (.text:prvDeleteTCB)
                  00004e06    00000002     --HOLE-- [fill = 0]
                  00004e08    00000014     rtsv7M4_T_le_v4SPD16_eabi.lib : _lock.obj (.text)
                  00004e1c    00000014                                   : s_copysign.obj (.text)
                  00004e30    00000014                                   : strlen.obj (.text)
                  00004e44    00000012     driverlib.lib : pwm.obj (.text:PWMOutputState)
                  00004e56    00000010                   : pwm.obj (.text:PWMGenPeriodSet)
                  00004e66    00000010     port.obj (.text:prvTaskExitError)
                  00004e76    00000010     list.obj (.text:vListInitialiseItem)
                  00004e86    00000002     --HOLE-- [fill = 0]
                  00004e88    00000010     tasks.obj (.text:vTaskSuspendAll)
                  00004e98    0000000e     driverlib.lib : adc.obj (.text:ADCSequenceEnable)
                  00004ea6    0000000e                   : gpio.obj (.text:GPIOIntStatus)
                  00004eb4    0000000e     rtsv7M4_T_le_v4SPD16_eabi.lib : copy_decompress_none.obj (.text:decompress:none)
                  00004ec2    0000000c     driverlib.lib : gpio.obj (.text:GPIOIntEnable)
                  00004ece    0000000c                   : pwm.obj (.text:PWMGenEnable)
                  00004eda    0000000c     rtsv7M4_T_le_v4SPD16_eabi.lib : copy_zero_init.obj (.text:decompress:ZI)
                  00004ee6    00000002     --HOLE-- [fill = 0]
                  00004ee8    0000000c     encoder.obj (.text:getEncoderCount)
                  00004ef4    0000000c     gTaskSensor.obj (.text:getYawDest)
                  00004f00    0000000c     tasks.obj (.text:vTaskMissedYield)
                  00004f0c    0000000a     driverlib.lib : adc.obj (.text:ADCIntClear)
                  00004f16    0000000a                   : uart.obj (.text:UARTCharPut)
                  00004f20    0000000a                   : uart.obj (.text:UARTFIFOEnable)
                  00004f2a    0000000a     tasks.obj (.text:prvIdleTask)
                  00004f34    0000000a     main.obj (.text:vApplicationStackOverflowHook)
                  00004f3e    00000006     driverlib.lib : gpio.obj (.text:GPIOIntClear)
                  00004f44    00000006                   : gpio.obj (.text:GPIOPinRead)
                  00004f4a    00000006                   : gpio.obj (.text:GPIOPinWrite)
                  00004f50    00000006     startup_ccs.obj (.text:ResetISR)
                  00004f56    00000006     driverlib.lib : sysctl.obj (.text:SysCtlDelay)
                  00004f5c    00000004                   : pwm.obj (.text:PWMSyncUpdate)
                  00004f60    00000004     rtsv7M4_T_le_v4SPD16_eabi.lib : pre_init.obj (.text)

.const     0    00004f64    00000450     
                  00004f64    00000101     rtsv7M4_T_le_v4SPD16_eabi.lib : ctype.obj (.const:.string:_ctypes_)
                  00005065    00000001     --HOLE-- [fill = 0]
                  00005066    00000002     heap_2.obj (.const)
                  00005068    000000d8     driverlib.lib : gpio.obj (.const:g_ppui32GPIOIntMapSnowflake)
                  00005140    000000c0                   : gpio.obj (.const:g_ppui32GPIOIntMapBlizzard)
                  00005200    00000090                   : gpio.obj (.const:g_pui32GPIOBaseAddrs)
                  00005290    0000006c                   : sysctl.obj (.const:g_pui32Xtals)
                  000052fc    00000038     PWM.obj (.const:$P$T0$1)
                  00005334    00000028     ADC.obj (.const:$P$T0$1)
                  0000535c    00000018     PIO.obj (.const:$P$T0$1)
                  00005374    00000014     gTaskController.obj (.const:$P$T0$1)
                  00005388    00000014     gTaskController.obj (.const:$P$T1$2)
                  0000539c    00000014     driverlib.lib : interrupt.obj (.const:g_pui32EnRegs)
                  000053b0    00000004     port.obj (.const)

.cinit     0    000053b8    00000088     
                  000053b8    0000004d     (.cinit..data.load) [load image, compression = lzss]
                  00005405    00000003     --HOLE-- [fill = 0]
                  00005408    0000000c     (__TI_handler_table)
                  00005414    00000004     --HOLE-- [fill = 0]
                  00005418    00000008     (.cinit..bss.load) [load image, compression = zero_init]
                  00005420    00000008     (.cinit..vtable.load) [load image, compression = zero_init]
                  00005428    00000018     (__TI_cinit_table)

.init_array 
*          0    00000000    00000000     UNINITIALIZED

.vtable    0    20000000    0000026c     UNINITIALIZED
                  20000000    0000026c     driverlib.lib : interrupt.obj (.vtable)

.bss       0    2000026c    00007849     UNINITIALIZED
                  2000026c    00007530     heap_2.obj (.bss:ucHeap)
                  2000779c    00000078     tasks.obj (.bss:pxReadyTasksLists)
                  20007814    00000038     (.common:YawEncoder)
                  2000784c    00000038     (.common:pwmHeight)
                  20007884    00000038     (.common:pwmYaw)
                  200078bc    00000028     (.common:adcPin1)
                  200078e4    00000028     (.common:dummyAdcPin)
                  2000790c    00000018     (.common:PB0)
                  20007924    00000018     (.common:PB1)
                  2000793c    00000018     (.common:PC5)
                  20007954    00000018     (.common:PD2)
                  2000796c    00000018     (.common:PE0)
                  20007984    00000018     (.common:PE3)
                  2000799c    00000018     (.common:PE4)
                  200079b4    00000018     (.common:PF0)
                  200079cc    00000018     (.common:PF1)
                  200079e4    00000018     (.common:PF4)
                  200079fc    00000018     (.common:PIDheight)
                  20007a14    00000018     (.common:PIDyaw)
                  20007a2c    00000014     tasks.obj (.bss:xDelayedTaskList1)
                  20007a40    00000014     tasks.obj (.bss:xDelayedTaskList2)
                  20007a54    00000014     tasks.obj (.bss:xPendingReadyList)
                  20007a68    00000014     tasks.obj (.bss:xSuspendedTaskList)
                  20007a7c    00000014     tasks.obj (.bss:xTasksWaitingTermination)
                  20007a90    00000008     tasks.obj (.bss)
                  20007a98    00000008     heap_2.obj (.bss:xEnd)
                  20007aa0    00000008     heap_2.obj (.bss:xStart)
                  20007aa8    00000004     (.common:g_height_Queue)
                  20007aac    00000004     (.common:g_pUARTMutex)
                  20007ab0    00000004     (.common:g_yaw_Queue)
                  20007ab4    00000001     (.common:lastState)

.stack     0    20007ab8    00000400     UNINITIALIZED
                  20007ab8    00000400     --HOLE--

.data      0    20007eb8    000000b4     UNINITIALIZED
                  20007eb8    00000030     tasks.obj (.data)
                  20007ee8    0000000c     rtsv7M4_T_le_v4SPD16_eabi.lib : exit.obj (.data:$O1$$)
                  20007ef4    0000000c     main.obj (.data:PB)
                  20007f00    0000000c     main.obj (.data:PC)
                  20007f0c    0000000c     main.obj (.data:PD)
                  20007f18    0000000c     main.obj (.data:PE)
                  20007f24    0000000c     main.obj (.data:PF)
                  20007f30    0000000c     gTaskController.obj (.data:pwm0)
                  20007f3c    0000000c     gTaskController.obj (.data:pwm1)
                  20007f48    00000008     rtsv7M4_T_le_v4SPD16_eabi.lib : _lock.obj (.data:$O1$$)
                  20007f50    00000008     gTaskSensor.obj (.data)
                  20007f58    00000008     heap_2.obj (.data)
                  20007f60    00000004     port.obj (.data)
                  20007f64    00000004     rtsv7M4_T_le_v4SPD16_eabi.lib : errno.obj (.data)
                  20007f68    00000004                                   : stkdepth_vars.obj (.data)

MODULE SUMMARY

       Module                     code    ro data   rw data
       ------                     ----    -------   -------
    .\
       startup_ccs.obj            12      620       0      
       main.obj                   246     0         288    
    +--+--------------------------+-------+---------+---------+
       Total:                     258     620       288    
                                                           
    .\drivers\
       encoder.obj                468     0         57     
       PIO.obj                    368     24        0      
       PWM.obj                    330     56        0      
       PID.obj                    336     0         0      
       ADC.obj                    244     40        0      
       uart_display.obj           104     0         0      
    +--+--------------------------+-------+---------+---------+
       Total:                     1850    120       57     
                                                           
    .\tasks\
       gTaskSensor.obj            1288    0         112    
       gTaskController.obj        704     40        184    
       gTaskUART.obj              188     0         0      
    +--+--------------------------+-------+---------+---------+
       Total:                     2180    40        296    
                                                           
    .\third_party\FreeRTOS\Source\
       tasks.obj                  2766    0         276    
       queue.obj                  1498    0         0      
       list.obj                   298     0         0      
    +--+--------------------------+-------+---------+---------+
       Total:                     4562    0         276    
                                                           
    .\third_party\FreeRTOS\Source\portable\CCS\ARM_CM4F\
       port.obj                   308     4         4      
       portasm.obj                210     0         0      
    +--+--------------------------+-------+---------+---------+
       Total:                     518     4         4      
                                                           
    .\third_party\FreeRTOS\Source\portable\MemMang\
       heap_2.obj                 476     2         30024  
    +--+--------------------------+-------+---------+---------+
       Total:                     476     2         30024  
                                                           
    C:/ti/TivaWare_C_Series-2.1.4.178/driverlib/ccs/Debug/driverlib.lib
       gpio.obj                   762     552       0      
       interrupt.obj              156     20        620    
       sysctl.obj                 574     108       0      
       adc.obj                    280     0         0      
       uart.obj                   142     0         0      
       pwm.obj                    114     0         0      
    +--+--------------------------+-------+---------+---------+
       Total:                     2028    680       620    
                                                           
    C:\ti\ccsv7\tools\compiler\ti-cgt-arm_16.9.6.LTS\lib\rtsv7M4_T_le_v4SPD16_eabi.lib
       _printfi.obj               4414    0         0      
       ull_div_t2.obj             500     0         0      
       fd_add_t2.obj              438     0         0      
       fd_div_t2.obj              310     0         0      
       fd_cmp_t2.obj              268     0         0      
       ctype.obj                  0       257       0      
       fd_mul_t2.obj              252     0         0      
       s_scalbn.obj               252     0         0      
       memcpy_t2.obj              156     0         0      
       memset_t2.obj              122     0         0      
       autoinit.obj               112     0         0      
       copy_decompress_lzss.obj   104     0         0      
       s_frexp.obj                100     0         0      
       exit.obj                   84      0         12     
       sprintf.obj                96      0         0      
       boot.obj                   84      0         0      
       ltoa.obj                   84      0         0      
       atoi.obj                   76      0         0      
       cpy_tbl.obj                76      0         0      
       fd_toi_t2.obj              72      0         0      
       i_tofd_t2.obj              46      0         0      
       _lock.obj                  20      0         8      
       memccpy.obj                28      0         0      
       args_main.obj              24      0         0      
       strchr.obj                 22      0         0      
       s_copysign.obj             20      0         0      
       strlen.obj                 20      0         0      
       copy_decompress_none.obj   14      0         0      
       copy_zero_init.obj         12      0         0      
       errno.obj                  0       0         4      
       pre_init.obj               4       0         0      
       stkdepth_vars.obj          0       0         4      
       mpu_init.obj               2       0         0      
       startup.obj                2       0         0      
    +--+--------------------------+-------+---------+---------+
       Total:                     7814    257       28     
                                                           
       Stack:                     0       0         1024   
       Linker Generated:          0       129       0      
    +--+--------------------------+-------+---------+---------+
       Grand Total:               19686   1852      32617  


LINKER GENERATED COPY TABLES

__TI_cinit_table @ 00005428 records: 3, size/record: 8, table size: 24
	.data: load addr=000053b8, load size=0000004d bytes, run addr=20007eb8, run size=000000b4 bytes, compression=lzss
	.bss: load addr=00005418, load size=00000008 bytes, run addr=2000026c, run size=00007849 bytes, compression=zero_init
	.vtable: load addr=00005420, load size=00000008 bytes, run addr=20000000, run size=0000026c bytes, compression=zero_init


LINKER GENERATED HANDLER TABLE

__TI_handler_table @ 00005408 records: 3, size/record: 4, table size: 12
	index: 0, handler: __TI_zero_init
	index: 1, handler: __TI_decompress_lzss
	index: 2, handler: __TI_decompress_none


GLOBAL SYMBOLS: SORTED ALPHABETICALLY BY Name 

address   name                           
-------   ----                           
00004f0d  ADCIntClear                    
00004ce1  ADCProcessorTrigger            
000044b1  ADCSequenceConfigure           
00004bf9  ADCSequenceDataGet             
00004e99  ADCSequenceEnable              
00003ab3  ADCSequenceStepConfigure       
00004985  ButtonDownHandler              
000049b1  ButtonUpHandler                
00004409  C$$EXIT                        
000049dd  GPIODirModeSet                 
00004f3f  GPIOIntClear                   
00004ec3  GPIOIntEnable                  
00004cf9  GPIOIntRegister                
00004ea7  GPIOIntStatus                  
00004309  GPIOIntTypeSet                 
00002271  GPIOPadConfigSet               
00004551  GPIOPinConfigure               
00004f45  GPIOPinRead                    
00004d71  GPIOPinTypeADC                 
00004d87  GPIOPinTypeGPIOInput           
00004d11  GPIOPinTypeGPIOOutput          
00004d9d  GPIOPinTypePWM                 
00004db3  GPIOPinTypeUART                
00004f4b  GPIOPinWrite                   
00002eb1  Go                             
00003ebd  IntEnable                      
0000488d  IntRegister                    
20007ef4  PB                             
2000790c  PB0                            
20007924  PB1                            
20007f00  PC                             
2000793c  PC5                            
20007f0c  PD                             
20007954  PD2                            
20007f18  PE                             
2000796c  PE0                            
20007984  PE3                            
2000799c  PE4                            
20007f24  PF                             
200079b4  PF0                            
200079cc  PF1                            
200079e4  PF4                            
200079fc  PIDheight                      
20007a14  PIDyaw                         
00004b75  PWMGenConfigure                
00004ecf  PWMGenEnable                   
00004e57  PWMGenPeriodSet                
00004e45  PWMOutputState                 
00004c17  PWMPulseWidthSet               
00004f5d  PWMSyncUpdate                  
00004f51  ResetISR                       
UNDEFED   SHT$$INIT_ARRAY$$Base          
UNDEFED   SHT$$INIT_ARRAY$$Limit         
000025e9  SysCtlClockGet                 
00002be1  SysCtlClockSet                 
00004f57  SysCtlDelay                    
000048c1  SysCtlPeripheralEnable         
00004f17  UARTCharPut                    
000046c5  UARTConfigSetExpClk            
00004bb9  UARTDisable                    
00004ddf  UARTEnable                     
00004f21  UARTFIFOEnable                 
20007814  YawEncoder                     
20007eb8  __STACK_END                    
00000400  __STACK_SIZE                   
20007cb8  __STACK_TOP                    
00005428  __TI_CINIT_Base                
00005440  __TI_CINIT_Limit               
00005408  __TI_Handler_Table_Base        
00005414  __TI_Handler_Table_Limit       
00003c91  __TI_auto_init                 
20007ee8  __TI_cleanup_ptr               
00003f25  __TI_decompress_lzss           
00004eb5  __TI_decompress_none           
20007eec  __TI_dtors_ptr                 
20007ef0  __TI_enable_exit_profile_output
ffffffff  __TI_pprof_out_hndl            
00000ab1  __TI_printfi                   
ffffffff  __TI_prof_data_size            
ffffffff  __TI_prof_data_start           
00000000  __TI_static_base__             
00004edb  __TI_zero_init                 
000038a1  __aeabi_cdcmpeq                
000038a1  __aeabi_cdcmple                
00003927  __aeabi_cdrcmple               
00004635  __aeabi_d2iz                   
000018f3  __aeabi_dadd                   
00002005  __aeabi_ddiv                   
000027f5  __aeabi_dmul                   
000018e9  __aeabi_dsub                   
00004957  __aeabi_i2d                    
00003b2d  __aeabi_memclr                 
00003b2d  __aeabi_memclr4                
00003b2d  __aeabi_memclr8                
00003645  __aeabi_memcpy                 
00003645  __aeabi_memcpy4                
00003645  __aeabi_memcpy8                
00003b2f  __aeabi_memset                 
00003b2f  __aeabi_memset4                
00003b2f  __aeabi_memset8                
000016f5  __aeabi_uldivmod               
ffffffff  __binit__                      
ffffffff  __c_args__                     
000023a3  __mpu_init                     
20007ab8  __stack                        
00004d41  _args_main                     
000043b5  _c_int00                       
00004f64  _ctypes_                       
20007f48  _lock                          
00004e17  _nop                           
00004e0f  _register_lock                 
00004e09  _register_unlock               
0000306b  _system_post_cinit             
00004f61  _system_pre_init               
20007f4c  _unlock                        
0000440d  abort                          
200078bc  adcPin1                        
0000313d  adcPinInit                     
00004a09  adcReadtoBuffer                
0000459d  atoi                           
ffffffff  binit                          
00001d7d  controllerInit                 
00001aa1  controllerTask                 
000045e9  copy_in                        
00004e1d  copysign                       
00004e1d  copysignl                      
00004c53  digPinAFset                    
0000377d  digPinInit                     
00004ab9  digPinIntAttach                
00004a35  digPinPuPdSet                  
00004b97  digPinRead                     
00004a61  digPinSet                      
200078e4  dummyAdcPin                    
00002ae9  encoderInit                    
0000306d  encoderIntHandler              
20007f64  errno                          
00004415  exit                           
0000412d  frexp                          
0000412d  frexpl                         
20007aa8  g_height_Queue                 
20007aac  g_pUARTMutex                   
20000000  g_pfnRAMVectors                
00000000  g_pfnVectors                   
20007ab0  g_yaw_Queue                    
00004ee9  getEncoderCount                
00004d29  getHeiDest                     
00004ef5  getYawDest                     
00004361  heightInthandler               
20007f50  height_dest                    
20007ab4  lastState                      
000028f1  ldexp                          
000028f1  ldexpl                         
0000445d  ltoa                           
00002dc5  main                           
20007f68  main_func_sp                   
00004ca9  memccpy                        
00003645  memcpy                         
00003b35  memset                         
00003f8d  pidInit                        
00004c35  portEnable                     
000024cd  pvPortMalloc                   
00004c71  pvTaskIncrementMutexHeldCount  
20007f30  pwm0                           
20007f3c  pwm1                           
000048f5  pwmDutySet                     
2000784c  pwmHeight                      
00004c8d  pwmPeriodSet                   
000026f9  pwmPinInit                     
20007884  pwmYaw                         
20007eb8  pxCurrentTCB                   
000042ad  pxPortInitialiseStack          
000028f1  scalbn                         
000028f1  scalbnl                        
000013ad  sensorInit                     
00002cd5  sensorTask                     
00004191  sprintf                        
00004dc9  strchr                         
00004e31  strlen                         
00004751  uartInit                       
00004b09  uartSend                       
00003389  uartTask                       
000053b0  ulMaxSyscallInterruptPriority  
00002fa9  ulPortGetIPSR                  
0000467d  uxListRemove                   
00004f35  vApplicationStackOverflowHook  
00004927  vListInitialise                
00004e77  vListInitialiseItem            
000040c5  vListInsert                    
00004851  vListInsertEnd                 
0000305d  vPortEnableVFP                 
00004b2d  vPortEnterCritical             
00004cc5  vPortExitCritical              
00003d01  vPortFree                      
00003021  vPortSVCHandler                
00004d59  vPortSetupTimerInterrupt       
00003041  vPortStartFirstTask            
00003e51  vTaskDelay                     
00004f01  vTaskMissedYield               
0000405d  vTaskPlaceOnEventList          
00003205  vTaskPriorityInherit           
00004b51  vTaskSetTimeOutState           
00003d71  vTaskStartScheduler            
00004e89  vTaskSuspendAll                
00003445  vTaskSwitchContext             
00002fc1  xPortPendSVHandler             
00004795  xPortStartScheduler            
00004a8d  xPortSysTickHandler            
00003ba7  xQueueCreateMutex              
00003de1  xQueueGenericCreate            
00001c11  xQueueGenericReceive           
000035a5  xQueueGenericReset             
000023a5  xQueueGenericSend              
000039ad  xTaskCheckForTimeOut           
00001ecd  xTaskGenericCreate             
0000213d  xTaskIncrementTick             
000034fd  xTaskPriorityDisinherit        
00003811  xTaskRemoveFromEventList       
000029ed  xTaskResumeAll                 
20007f54  yaw_dest                       


GLOBAL SYMBOLS: SORTED BY Symbol Address 

address   name                           
-------   ----                           
00000000  __TI_static_base__             
00000000  g_pfnVectors                   
00000400  __STACK_SIZE                   
00000ab1  __TI_printfi                   
000013ad  sensorInit                     
000016f5  __aeabi_uldivmod               
000018e9  __aeabi_dsub                   
000018f3  __aeabi_dadd                   
00001aa1  controllerTask                 
00001c11  xQueueGenericReceive           
00001d7d  controllerInit                 
00001ecd  xTaskGenericCreate             
00002005  __aeabi_ddiv                   
0000213d  xTaskIncrementTick             
00002271  GPIOPadConfigSet               
000023a3  __mpu_init                     
000023a5  xQueueGenericSend              
000024cd  pvPortMalloc                   
000025e9  SysCtlClockGet                 
000026f9  pwmPinInit                     
000027f5  __aeabi_dmul                   
000028f1  ldexp                          
000028f1  ldexpl                         
000028f1  scalbn                         
000028f1  scalbnl                        
000029ed  xTaskResumeAll                 
00002ae9  encoderInit                    
00002be1  SysCtlClockSet                 
00002cd5  sensorTask                     
00002dc5  main                           
00002eb1  Go                             
00002fa9  ulPortGetIPSR                  
00002fc1  xPortPendSVHandler             
00003021  vPortSVCHandler                
00003041  vPortStartFirstTask            
0000305d  vPortEnableVFP                 
0000306b  _system_post_cinit             
0000306d  encoderIntHandler              
0000313d  adcPinInit                     
00003205  vTaskPriorityInherit           
00003389  uartTask                       
00003445  vTaskSwitchContext             
000034fd  xTaskPriorityDisinherit        
000035a5  xQueueGenericReset             
00003645  __aeabi_memcpy                 
00003645  __aeabi_memcpy4                
00003645  __aeabi_memcpy8                
00003645  memcpy                         
0000377d  digPinInit                     
00003811  xTaskRemoveFromEventList       
000038a1  __aeabi_cdcmpeq                
000038a1  __aeabi_cdcmple                
00003927  __aeabi_cdrcmple               
000039ad  xTaskCheckForTimeOut           
00003ab3  ADCSequenceStepConfigure       
00003b2d  __aeabi_memclr                 
00003b2d  __aeabi_memclr4                
00003b2d  __aeabi_memclr8                
00003b2f  __aeabi_memset                 
00003b2f  __aeabi_memset4                
00003b2f  __aeabi_memset8                
00003b35  memset                         
00003ba7  xQueueCreateMutex              
00003c91  __TI_auto_init                 
00003d01  vPortFree                      
00003d71  vTaskStartScheduler            
00003de1  xQueueGenericCreate            
00003e51  vTaskDelay                     
00003ebd  IntEnable                      
00003f25  __TI_decompress_lzss           
00003f8d  pidInit                        
0000405d  vTaskPlaceOnEventList          
000040c5  vListInsert                    
0000412d  frexp                          
0000412d  frexpl                         
00004191  sprintf                        
000042ad  pxPortInitialiseStack          
00004309  GPIOIntTypeSet                 
00004361  heightInthandler               
000043b5  _c_int00                       
00004409  C$$EXIT                        
0000440d  abort                          
00004415  exit                           
0000445d  ltoa                           
000044b1  ADCSequenceConfigure           
00004551  GPIOPinConfigure               
0000459d  atoi                           
000045e9  copy_in                        
00004635  __aeabi_d2iz                   
0000467d  uxListRemove                   
000046c5  UARTConfigSetExpClk            
00004751  uartInit                       
00004795  xPortStartScheduler            
00004851  vListInsertEnd                 
0000488d  IntRegister                    
000048c1  SysCtlPeripheralEnable         
000048f5  pwmDutySet                     
00004927  vListInitialise                
00004957  __aeabi_i2d                    
00004985  ButtonDownHandler              
000049b1  ButtonUpHandler                
000049dd  GPIODirModeSet                 
00004a09  adcReadtoBuffer                
00004a35  digPinPuPdSet                  
00004a61  digPinSet                      
00004a8d  xPortSysTickHandler            
00004ab9  digPinIntAttach                
00004b09  uartSend                       
00004b2d  vPortEnterCritical             
00004b51  vTaskSetTimeOutState           
00004b75  PWMGenConfigure                
00004b97  digPinRead                     
00004bb9  UARTDisable                    
00004bf9  ADCSequenceDataGet             
00004c17  PWMPulseWidthSet               
00004c35  portEnable                     
00004c53  digPinAFset                    
00004c71  pvTaskIncrementMutexHeldCount  
00004c8d  pwmPeriodSet                   
00004ca9  memccpy                        
00004cc5  vPortExitCritical              
00004ce1  ADCProcessorTrigger            
00004cf9  GPIOIntRegister                
00004d11  GPIOPinTypeGPIOOutput          
00004d29  getHeiDest                     
00004d41  _args_main                     
00004d59  vPortSetupTimerInterrupt       
00004d71  GPIOPinTypeADC                 
00004d87  GPIOPinTypeGPIOInput           
00004d9d  GPIOPinTypePWM                 
00004db3  GPIOPinTypeUART                
00004dc9  strchr                         
00004ddf  UARTEnable                     
00004e09  _register_unlock               
00004e0f  _register_lock                 
00004e17  _nop                           
00004e1d  copysign                       
00004e1d  copysignl                      
00004e31  strlen                         
00004e45  PWMOutputState                 
00004e57  PWMGenPeriodSet                
00004e77  vListInitialiseItem            
00004e89  vTaskSuspendAll                
00004e99  ADCSequenceEnable              
00004ea7  GPIOIntStatus                  
00004eb5  __TI_decompress_none           
00004ec3  GPIOIntEnable                  
00004ecf  PWMGenEnable                   
00004edb  __TI_zero_init                 
00004ee9  getEncoderCount                
00004ef5  getYawDest                     
00004f01  vTaskMissedYield               
00004f0d  ADCIntClear                    
00004f17  UARTCharPut                    
00004f21  UARTFIFOEnable                 
00004f35  vApplicationStackOverflowHook  
00004f3f  GPIOIntClear                   
00004f45  GPIOPinRead                    
00004f4b  GPIOPinWrite                   
00004f51  ResetISR                       
00004f57  SysCtlDelay                    
00004f5d  PWMSyncUpdate                  
00004f61  _system_pre_init               
00004f64  _ctypes_                       
000053b0  ulMaxSyscallInterruptPriority  
00005408  __TI_Handler_Table_Base        
00005414  __TI_Handler_Table_Limit       
00005428  __TI_CINIT_Base                
00005440  __TI_CINIT_Limit               
20000000  g_pfnRAMVectors                
20007814  YawEncoder                     
2000784c  pwmHeight                      
20007884  pwmYaw                         
200078bc  adcPin1                        
200078e4  dummyAdcPin                    
2000790c  PB0                            
20007924  PB1                            
2000793c  PC5                            
20007954  PD2                            
2000796c  PE0                            
20007984  PE3                            
2000799c  PE4                            
200079b4  PF0                            
200079cc  PF1                            
200079e4  PF4                            
200079fc  PIDheight                      
20007a14  PIDyaw                         
20007aa8  g_height_Queue                 
20007aac  g_pUARTMutex                   
20007ab0  g_yaw_Queue                    
20007ab4  lastState                      
20007ab8  __stack                        
20007cb8  __STACK_TOP                    
20007eb8  __STACK_END                    
20007eb8  pxCurrentTCB                   
20007ee8  __TI_cleanup_ptr               
20007eec  __TI_dtors_ptr                 
20007ef0  __TI_enable_exit_profile_output
20007ef4  PB                             
20007f00  PC                             
20007f0c  PD                             
20007f18  PE                             
20007f24  PF                             
20007f30  pwm0                           
20007f3c  pwm1                           
20007f48  _lock                          
20007f4c  _unlock                        
20007f50  height_dest                    
20007f54  yaw_dest                       
20007f64  errno                          
20007f68  main_func_sp                   
ffffffff  __TI_pprof_out_hndl            
ffffffff  __TI_prof_data_size            
ffffffff  __TI_prof_data_start           
ffffffff  __binit__                      
ffffffff  __c_args__                     
ffffffff  binit                          
UNDEFED   SHT$$INIT_ARRAY$$Base          
UNDEFED   SHT$$INIT_ARRAY$$Limit         

[219 symbols]
