******************************************************************************
                  TI ARM Linker PC v16.9.6                     
******************************************************************************
>> Linked Thu Aug 08 11:56:15 2019

OUTPUT FILE NAME:   <ENCE464_Heli.out>
ENTRY POINT SYMBOL: "_c_int00"  address: 000016dd


MEMORY CONFIGURATION

         name            origin    length      used     unused   attr    fill
----------------------  --------  ---------  --------  --------  ----  --------
  FLASH                 00000000   00040000  00001d56  0003e2aa  R  X
  SRAM                  20000000   00008000  00007970  00000690  RW X


SEGMENT ALLOCATION MAP

run origin  load origin   length   init length attrs members
----------  ----------- ---------- ----------- ----- -------
00000000    00000000    00001d58   00001d58    r-x
  00000000    00000000    0000026c   0000026c    r-- .intvecs
  0000026c    0000026c    00001a9e   00001a9e    r-x .text
  00001d0c    00001d0c    00000004   00000004    r-- .const
  00001d10    00001d10    00000048   00000048    r-- .cinit
20000000    20000000    00007978   00000000    rw-
  20000000    20000000    00007701   00000000    rw- .bss
  20007704    20007704    00000200   00000000    rw- .stack
  20007904    20007904    00000067   00000000    rw- .data
  20007970    20007970    00000008   00000000    rw- .sysmem


SECTION ALLOCATION MAP

 output                                  attributes/
section   page    origin      length       input sections
--------  ----  ----------  ----------   ----------------
.intvecs   0    00000000    0000026c     
                  00000000    0000026c     startup_ccs.obj (.intvecs)

.text      0    0000026c    00001a9e     
                  0000026c    00000118     queue.obj (.text:xQueueGenericReceive)
                  00000384    00000104     rgb.obj (.text:RGBInit)
                  00000488    00000104     tasks.obj (.text:xTaskIncrementTick)
                  0000058c    00000100     tasks.obj (.text:xTaskGenericCreate)
                  0000068c    000000f4     driverlib.lib : sysctl.obj (.text:SysCtlClockSet)
                  00000780    000000e8     queue.obj (.text:xQueueGenericSend)
                  00000868    000000e4     tasks.obj (.text:xTaskResumeAll)
                  0000094c    000000d2     portasm.obj (.text)
                  00000a1e    00000002     startup_ccs.obj (.text:FaultISR)
                  00000a20    000000c8     led_task.obj (.text:LEDTask)
                  00000ae8    000000c0     rgb.obj (.text:RGBEnable)
                  00000ba8    000000ac     heap_2.obj (.text:pvPortMalloc)
                  00000c54    0000009c     rtsv7M4_T_le_v4SPD16_eabi.lib : memcpy_t2.obj (.text)
                  00000cf0    00000090     rgb.obj (.text:RGBColorSet)
                  00000d80    00000090     tasks.obj (.text:vTaskPriorityInherit)
                  00000e10    0000008c     buttons.obj (.text:ButtonsPoll)
                  00000e9c    0000008c     tasks.obj (.text:vTaskSwitchContext)
                  00000f28    00000084     tasks.obj (.text:vTaskDelayUntil)
                  00000fac    00000084     queue.obj (.text:xQueueGenericReset)
                  00001030    00000080     switch_task.obj (.text:SwitchTask)
                  000010b0    0000007a     rtsv7M4_T_le_v4SPD16_eabi.lib : memset_t2.obj (.text)
                  0000112a    00000002     startup_ccs.obj (.text:IntDefaultHandler)
                  0000112c    00000078     tasks.obj (.text:xTaskPriorityDisinherit)
                  000011a4    00000074     led_task.obj (.text:LEDTaskInit)
                  00001218    00000074     tasks.obj (.text:xTaskRemoveFromEventList)
                  0000128c    00000072     queue.obj (.text:prvCopyDataToQueue)
                  000012fe    00000002     startup_ccs.obj (.text:NmiSR)
                  00001300    00000070     rtsv7M4_T_le_v4SPD16_eabi.lib : autoinit.obj (.text)
                  00001370    00000068     buttons.obj (.text:ButtonsInit)
                  000013d8    00000068     rgb.obj (.text:RGBDisable)
                  00001440    00000068     rtsv7M4_T_le_v4SPD16_eabi.lib : copy_decompress_lzss.obj (.text:decompress:lzss)
                  000014a8    00000064     tasks.obj (.text:vTaskPlaceOnEventList)
                  0000150c    00000062     queue.obj (.text:prvUnlockQueue)
                  0000156e    00000002     rtsv7M4_T_le_v4SPD16_eabi.lib : mpu_init.obj (.text)
                  00001570    00000060     tasks.obj (.text:prvInitialiseTaskLists)
                  000015d0    00000060     tasks.obj (.text:vTaskStartScheduler)
                  00001630    00000058     tasks.obj (.text:prvCheckTasksWaitingTermination)
                  00001688    00000054     tasks.obj (.text:prvInitialiseTCBVariables)
                  000016dc    00000054     rtsv7M4_T_le_v4SPD16_eabi.lib : boot.obj (.text)
                  00001730    00000054                                   : exit.obj (.text)
                  00001784    00000054     tasks.obj (.text:xTaskCheckForTimeOut)
                  000017d8    0000004c     tasks.obj (.text:prvAddCurrentTaskToDelayedList)
                  00001824    0000004c     rtsv7M4_T_le_v4SPD16_eabi.lib : cpy_tbl.obj (.text)
                  00001870    0000004c     queue.obj (.text:xQueueCreateMutex)
                  000018bc    00000048     switch_task.obj (.text:SwitchTaskInit)
                  00001904    00000044     heap_2.obj (.text:vPortFree)
                  00001948    00000040     port.obj (.text:xPortStartScheduler)
                  00001988    0000003c     queue.obj (.text:xQueueGenericCreate)
                  000019c4    0000003a     tasks.obj (.text:prvAllocateTCBAndStack)
                  000019fe    00000038     list.obj (.text:vListInsert)
                  00001a36    00000002     rtsv7M4_T_le_v4SPD16_eabi.lib : startup.obj (.text)
                  00001a38    00000030     heap_2.obj (.text:prvHeapInit)
                  00001a68    0000002c     main.obj (.text:main)
                  00001a94    0000002c     port.obj (.text:xPortSysTickHandler)
                  00001ac0    00000028     tasks.obj (.text:prvResetNextTaskUnblockTime)
                  00001ae8    00000028     port.obj (.text:pxPortInitialiseStack)
                  00001b10    00000026     queue.obj (.text:prvCopyDataFromQueue)
                  00001b36    00000020     list.obj (.text:uxListRemove)
                  00001b56    0000001c     queue.obj (.text:prvIsQueueFull)
                  00001b72    00000002     main.obj (.text:vApplicationStackOverflowHook)
                  00001b74    0000001c     port.obj (.text:vPortEnterCritical)
                  00001b90    0000001a     queue.obj (.text:prvIsQueueEmpty)
                  00001baa    00000002     --HOLE-- [fill = 0]
                  00001bac    00000018     tasks.obj (.text:pvTaskIncrementMutexHeldCount)
                  00001bc4    00000018     rtsv7M4_T_le_v4SPD16_eabi.lib : args_main.obj (.text)
                  00001bdc    00000018     list.obj (.text:vListInsertEnd)
                  00001bf4    00000018     port.obj (.text:vPortExitCritical)
                  00001c0c    00000018     tasks.obj (.text:vTaskSetTimeOutState)
                  00001c24    00000016     list.obj (.text:vListInitialise)
                  00001c3a    00000002     --HOLE-- [fill = 0]
                  00001c3c    00000014     rgb.obj (.text:RGBIntensitySet)
                  00001c50    00000014     rtsv7M4_T_le_v4SPD16_eabi.lib : _lock.obj (.text)
                  00001c64    00000014     port.obj (.text:vPortSetupTimerInterrupt)
                  00001c78    00000012     tasks.obj (.text:prvDeleteTCB)
                  00001c8a    00000010     port.obj (.text:prvTaskExitError)
                  00001c9a    00000002     --HOLE-- [fill = 0]
                  00001c9c    00000010     tasks.obj (.text:vTaskSuspendAll)
                  00001cac    0000000e     rtsv7M4_T_le_v4SPD16_eabi.lib : copy_decompress_none.obj (.text:decompress:none)
                  00001cba    0000000c                                   : copy_zero_init.obj (.text:decompress:ZI)
                  00001cc6    00000002     --HOLE-- [fill = 0]
                  00001cc8    0000000c     init.obj (.text:initClock)
                  00001cd4    0000000c     tasks.obj (.text:vTaskMissedYield)
                  00001ce0    0000000c     tasks.obj (.text:xTaskGetTickCount)
                  00001cec    00000008     tasks.obj (.text:prvIdleTask)
                  00001cf4    00000006     startup_ccs.obj (.text:ResetISR)
                  00001cfa    00000006     driverlib.lib : sysctl.obj (.text:SysCtlDelay)
                  00001d00    00000006     list.obj (.text:vListInitialiseItem)
                  00001d06    00000004     rtsv7M4_T_le_v4SPD16_eabi.lib : pre_init.obj (.text)

.const     0    00001d0c    00000004     
                  00001d0c    00000004     port.obj (.const)

.cinit     0    00001d10    00000048     
                  00001d10    00000021     (.cinit..data.load) [load image, compression = lzss]
                  00001d31    00000003     --HOLE-- [fill = 0]
                  00001d34    0000000c     (__TI_handler_table)
                  00001d40    00000008     (.cinit..bss.load) [load image, compression = zero_init]
                  00001d48    00000010     (__TI_cinit_table)

.init_array 
*          0    00000000    00000000     UNINITIALIZED

.bss       0    20000000    00007701     UNINITIALIZED
                  20000000    00007530     heap_2.obj (.bss:ucHeap)
                  20007530    00000140     tasks.obj (.bss:pxReadyTasksLists)
                  20007670    00000014     tasks.obj (.bss:xDelayedTaskList1)
                  20007684    00000014     tasks.obj (.bss:xDelayedTaskList2)
                  20007698    00000014     tasks.obj (.bss:xPendingReadyList)
                  200076ac    00000014     tasks.obj (.bss:xSuspendedTaskList)
                  200076c0    00000014     tasks.obj (.bss:xTasksWaitingTermination)
                  200076d4    0000000c     rgb.obj (.bss:g_ui32Colors)
                  200076e0    00000008     tasks.obj (.bss)
                  200076e8    00000008     heap_2.obj (.bss:xEnd)
                  200076f0    00000008     heap_2.obj (.bss:xStart)
                  200076f8    00000004     (.common:g_pLEDQueue)
                  200076fc    00000004     (.common:g_pUARTSemaphore)
                  20007700    00000001     led_task.obj (.bss)

.stack     0    20007704    00000200     UNINITIALIZED
                  20007704    00000200     --HOLE--

.data      0    20007904    00000067     UNINITIALIZED
                  20007904    00000030     tasks.obj (.data)
                  20007934    0000000c     rtsv7M4_T_le_v4SPD16_eabi.lib : exit.obj (.data:$O1$$)
                  20007940    0000000c     led_task.obj (.data:g_pui32Colors)
                  2000794c    00000008     rtsv7M4_T_le_v4SPD16_eabi.lib : _lock.obj (.data:$O1$$)
                  20007954    00000008     heap_2.obj (.data)
                  2000795c    00000004     port.obj (.data)
                  20007960    00000004     rgb.obj (.data)
                  20007964    00000004     rtsv7M4_T_le_v4SPD16_eabi.lib : stkdepth_vars.obj (.data)
                  20007968    00000003     buttons.obj (.data)

.sysmem    0    20007970    00000008     UNINITIALIZED
                  20007970    00000008     rtsv7M4_T_le_v4SPD16_eabi.lib : memory.obj (.sysmem)

MODULE SUMMARY

       Module                     code   ro data   rw data
       ------                     ----   -------   -------
    .\
       startup_ccs.obj            12     620       0      
       led_task.obj               316    0         17     
       switch_task.obj            200    0         0      
       main.obj                   46     0         4      
       init.obj                   12     0         0      
    +--+--------------------------+------+---------+---------+
       Total:                     586    620       21     
                                                          
    .\drivers\
       rgb.obj                    720    0         16     
       buttons.obj                244    0         3      
    +--+--------------------------+------+---------+---------+
       Total:                     964    0         19     
                                                          
    .\third_party\FreeRTOS\Source\
       tasks.obj                  2232   0         476    
       queue.obj                  1084   0         0      
       list.obj                   140    0         0      
    +--+--------------------------+------+---------+---------+
       Total:                     3456   0         476    
                                                          
    .\third_party\FreeRTOS\Source\portable\CCS\ARM_CM4F\
       port.obj                   236    4         4      
       portasm.obj                210    0         0      
    +--+--------------------------+------+---------+---------+
       Total:                     446    4         4      
                                                          
    .\third_party\FreeRTOS\Source\portable\MemMang\
       heap_2.obj                 288    0         30024  
    +--+--------------------------+------+---------+---------+
       Total:                     288    0         30024  
                                                          
    C:/ti/TivaWare_C_Series-2.1.4.178/driverlib/ccs/Debug/driverlib.lib
       sysctl.obj                 250    0         0      
    +--+--------------------------+------+---------+---------+
       Total:                     250    0         0      
                                                          
    C:\ti\ccsv7\tools\compiler\ti-cgt-arm_16.9.6.LTS\lib\rtsv7M4_T_le_v4SPD16_eabi.lib
       memcpy_t2.obj              156    0         0      
       memset_t2.obj              122    0         0      
       autoinit.obj               112    0         0      
       copy_decompress_lzss.obj   104    0         0      
       exit.obj                   84     0         12     
       boot.obj                   84     0         0      
       cpy_tbl.obj                76     0         0      
       _lock.obj                  20     0         8      
       args_main.obj              24     0         0      
       copy_decompress_none.obj   14     0         0      
       copy_zero_init.obj         12     0         0      
       pre_init.obj               4      0         0      
       stkdepth_vars.obj          0      0         4      
       mpu_init.obj               2      0         0      
       startup.obj                2      0         0      
    +--+--------------------------+------+---------+---------+
       Total:                     816    0         24     
                                                          
       Heap:                      0      0         8      
       Stack:                     0      0         512    
       Linker Generated:          0      69        0      
    +--+--------------------------+------+---------+---------+
       Grand Total:               6806   693       31088  


LINKER GENERATED COPY TABLES

__TI_cinit_table @ 00001d48 records: 2, size/record: 8, table size: 16
	.data: load addr=00001d10, load size=00000021 bytes, run addr=20007904, run size=00000067 bytes, compression=lzss
	.bss: load addr=00001d40, load size=00000008 bytes, run addr=20000000, run size=00007701 bytes, compression=zero_init


LINKER GENERATED HANDLER TABLE

__TI_handler_table @ 00001d34 records: 3, size/record: 4, table size: 12
	index: 0, handler: __TI_decompress_lzss
	index: 1, handler: __TI_decompress_none
	index: 2, handler: __TI_zero_init


GLOBAL SYMBOLS: SORTED ALPHABETICALLY BY Name 

address   name                           
-------   ----                           
00001371  ButtonsInit                    
00000e11  ButtonsPoll                    
00001731  C$$EXIT                        
000011a5  LEDTaskInit                    
00000cf1  RGBColorSet                    
000013d9  RGBDisable                     
00000ae9  RGBEnable                      
00000385  RGBInit                        
00001c3d  RGBIntensitySet                
00001cf5  ResetISR                       
UNDEFED   SHT$$INIT_ARRAY$$Base          
UNDEFED   SHT$$INIT_ARRAY$$Limit         
000018bd  SwitchTaskInit                 
0000068d  SysCtlClockSet                 
00001cfb  SysCtlDelay                    
20007904  __STACK_END                    
00000200  __STACK_SIZE                   
20007904  __STACK_TOP                    
00000008  __SYSMEM_SIZE                  
00001d48  __TI_CINIT_Base                
00001d58  __TI_CINIT_Limit               
00001d34  __TI_Handler_Table_Base        
00001d40  __TI_Handler_Table_Limit       
00001301  __TI_auto_init                 
20007934  __TI_cleanup_ptr               
00001441  __TI_decompress_lzss           
00001cad  __TI_decompress_none           
20007938  __TI_dtors_ptr                 
2000793c  __TI_enable_exit_profile_output
ffffffff  __TI_pprof_out_hndl            
ffffffff  __TI_prof_data_size            
ffffffff  __TI_prof_data_start           
00000000  __TI_static_base__             
00001cbb  __TI_zero_init                 
000010b1  __aeabi_memclr                 
000010b1  __aeabi_memclr4                
000010b1  __aeabi_memclr8                
00000c55  __aeabi_memcpy                 
00000c55  __aeabi_memcpy4                
00000c55  __aeabi_memcpy8                
000010b3  __aeabi_memset                 
000010b3  __aeabi_memset4                
000010b3  __aeabi_memset8                
ffffffff  __binit__                      
ffffffff  __c_args__                     
0000156f  __mpu_init                     
20007704  __stack                        
00001bc5  _args_main                     
000016dd  _c_int00                       
2000794c  _lock                          
00001c5f  _nop                           
00001c57  _register_lock                 
00001c51  _register_unlock               
20007970  _sys_memory                    
00001a37  _system_post_cinit             
00001d07  _system_pre_init               
20007950  _unlock                        
00001735  abort                          
ffffffff  binit                          
00001825  copy_in                        
0000173d  exit                           
200076f8  g_pLEDQueue                    
200076fc  g_pUARTSemaphore               
00000000  g_pfnVectors                   
00001cc9  initClock                      
00001a69  main                           
20007964  main_func_sp                   
00000c55  memcpy                         
000010b9  memset                         
00000ba9  pvPortMalloc                   
00001bad  pvTaskIncrementMutexHeldCount  
20007904  pxCurrentTCB                   
00001ae9  pxPortInitialiseStack          
00001d0c  ulMaxSyscallInterruptPriority  
0000095d  ulPortGetIPSR                  
00001b37  uxListRemove                   
00001b73  vApplicationStackOverflowHook  
00001c25  vListInitialise                
00001d01  vListInitialiseItem            
000019ff  vListInsert                    
00001bdd  vListInsertEnd                 
00000a11  vPortEnableVFP                 
00001b75  vPortEnterCritical             
00001bf5  vPortExitCritical              
00001905  vPortFree                      
000009d5  vPortSVCHandler                
00001c65  vPortSetupTimerInterrupt       
000009f5  vPortStartFirstTask            
00000f29  vTaskDelayUntil                
00001cd5  vTaskMissedYield               
000014a9  vTaskPlaceOnEventList          
00000d81  vTaskPriorityInherit           
00001c0d  vTaskSetTimeOutState           
000015d1  vTaskStartScheduler            
00001c9d  vTaskSuspendAll                
00000e9d  vTaskSwitchContext             
00000975  xPortPendSVHandler             
00001949  xPortStartScheduler            
00001a95  xPortSysTickHandler            
00001871  xQueueCreateMutex              
00001989  xQueueGenericCreate            
0000026d  xQueueGenericReceive           
00000fad  xQueueGenericReset             
00000781  xQueueGenericSend              
00001785  xTaskCheckForTimeOut           
0000058d  xTaskGenericCreate             
00001ce1  xTaskGetTickCount              
00000489  xTaskIncrementTick             
0000112d  xTaskPriorityDisinherit        
00001219  xTaskRemoveFromEventList       
00000869  xTaskResumeAll                 


GLOBAL SYMBOLS: SORTED BY Symbol Address 

address   name                           
-------   ----                           
00000000  __TI_static_base__             
00000000  g_pfnVectors                   
00000008  __SYSMEM_SIZE                  
00000200  __STACK_SIZE                   
0000026d  xQueueGenericReceive           
00000385  RGBInit                        
00000489  xTaskIncrementTick             
0000058d  xTaskGenericCreate             
0000068d  SysCtlClockSet                 
00000781  xQueueGenericSend              
00000869  xTaskResumeAll                 
0000095d  ulPortGetIPSR                  
00000975  xPortPendSVHandler             
000009d5  vPortSVCHandler                
000009f5  vPortStartFirstTask            
00000a11  vPortEnableVFP                 
00000ae9  RGBEnable                      
00000ba9  pvPortMalloc                   
00000c55  __aeabi_memcpy                 
00000c55  __aeabi_memcpy4                
00000c55  __aeabi_memcpy8                
00000c55  memcpy                         
00000cf1  RGBColorSet                    
00000d81  vTaskPriorityInherit           
00000e11  ButtonsPoll                    
00000e9d  vTaskSwitchContext             
00000f29  vTaskDelayUntil                
00000fad  xQueueGenericReset             
000010b1  __aeabi_memclr                 
000010b1  __aeabi_memclr4                
000010b1  __aeabi_memclr8                
000010b3  __aeabi_memset                 
000010b3  __aeabi_memset4                
000010b3  __aeabi_memset8                
000010b9  memset                         
0000112d  xTaskPriorityDisinherit        
000011a5  LEDTaskInit                    
00001219  xTaskRemoveFromEventList       
00001301  __TI_auto_init                 
00001371  ButtonsInit                    
000013d9  RGBDisable                     
00001441  __TI_decompress_lzss           
000014a9  vTaskPlaceOnEventList          
0000156f  __mpu_init                     
000015d1  vTaskStartScheduler            
000016dd  _c_int00                       
00001731  C$$EXIT                        
00001735  abort                          
0000173d  exit                           
00001785  xTaskCheckForTimeOut           
00001825  copy_in                        
00001871  xQueueCreateMutex              
000018bd  SwitchTaskInit                 
00001905  vPortFree                      
00001949  xPortStartScheduler            
00001989  xQueueGenericCreate            
000019ff  vListInsert                    
00001a37  _system_post_cinit             
00001a69  main                           
00001a95  xPortSysTickHandler            
00001ae9  pxPortInitialiseStack          
00001b37  uxListRemove                   
00001b73  vApplicationStackOverflowHook  
00001b75  vPortEnterCritical             
00001bad  pvTaskIncrementMutexHeldCount  
00001bc5  _args_main                     
00001bdd  vListInsertEnd                 
00001bf5  vPortExitCritical              
00001c0d  vTaskSetTimeOutState           
00001c25  vListInitialise                
00001c3d  RGBIntensitySet                
00001c51  _register_unlock               
00001c57  _register_lock                 
00001c5f  _nop                           
00001c65  vPortSetupTimerInterrupt       
00001c9d  vTaskSuspendAll                
00001cad  __TI_decompress_none           
00001cbb  __TI_zero_init                 
00001cc9  initClock                      
00001cd5  vTaskMissedYield               
00001ce1  xTaskGetTickCount              
00001cf5  ResetISR                       
00001cfb  SysCtlDelay                    
00001d01  vListInitialiseItem            
00001d07  _system_pre_init               
00001d0c  ulMaxSyscallInterruptPriority  
00001d34  __TI_Handler_Table_Base        
00001d40  __TI_Handler_Table_Limit       
00001d48  __TI_CINIT_Base                
00001d58  __TI_CINIT_Limit               
200076f8  g_pLEDQueue                    
200076fc  g_pUARTSemaphore               
20007704  __stack                        
20007904  __STACK_END                    
20007904  __STACK_TOP                    
20007904  pxCurrentTCB                   
20007934  __TI_cleanup_ptr               
20007938  __TI_dtors_ptr                 
2000793c  __TI_enable_exit_profile_output
2000794c  _lock                          
20007950  _unlock                        
20007964  main_func_sp                   
20007970  _sys_memory                    
ffffffff  __TI_pprof_out_hndl            
ffffffff  __TI_prof_data_size            
ffffffff  __TI_prof_data_start           
ffffffff  __binit__                      
ffffffff  __c_args__                     
ffffffff  binit                          
UNDEFED   SHT$$INIT_ARRAY$$Base          
UNDEFED   SHT$$INIT_ARRAY$$Limit         

[111 symbols]
